
                            FEDERAL COMPILER TESTING CENTER COBOL COMPILER VALIDATION   SYSTEM                          
                                                                                                                        
CCVS74 NCC  COPY, NOT FOR DISTRIBUTION.             TEST RESULTS SET-  SG204A                                           
                                                                                                                        
                                                                                                                        
                                                                                                                        
                                                                                                                        
 FOR OFFICIAL USE ONLY            COBOL 85 VERSION 4.2, Apr  1993 SSVG                        COPYRIGHT   1974          
                                                                                                                        
                                                                                                                        
 FEATURE              PASS  PARAGRAPH-NAME                                                  REMARKS                     
 TESTED               FAIL                                                                                              
                                                                                                                        
 ***********************************************************************************************************************
 SORT, INPUT PROC     PASS  SORT-TEST-1                                                                                 
 SORT, INPUT PROC     PASS  SORT-TEST-2                                                                                 
 SORT, INPUT PROC     PASS  SORT-TEST-3                                                                                 
 SORT, INPUT PROC     PASS  SORT-TEST-4                                                                                 
 SORT, INPUT PROC     PASS  SORT-TEST-5                                                                                 
 SORT, INPUT PROC     PASS  SORT-TEST-6                                                                                 
 SORT, INPUT PROC     PASS  SORT-TEST-7                                                                                 
 SORT, INPUT PROC     PASS  SORT-TEST-8                                                                                 
 SORT, OUTPUT PROC    PASS  SORT-TEST-9                                                                                 
 SORT, OUTPUT PROC    PASS  SORT-TEST-10                                                                                
 SORT, OUTPUT PROC    PASS  SORT-TEST-11                                                                                
 SORT, OUTPUT PROC    PASS  SORT-TEST-12                                                                                
 SORT, OUTPUT PROC    PASS  SORT-TEST-13                                                                                
 SORT, OUTPUT PROC    PASS  SORT-TEST-14                                                                                
 SORT, OUTPUT PROC    PASS  SORT-TEST-15                                                                                
 ***********************************************************************************************************************
                                                                                                                        
                                                                                                                        
                                                                                                                        
                                                                                                                        
                                                    END OF TEST-  SG204A    NTIS DISTRIBUTION COBOL 74                  
                                                                                                                        
                                                    015 OF 015  TESTS WERE EXECUTED SUCCESSFULLY                        
                                                    NO  TEST(S) FAILED                                                  
                                                    NO  TEST(S) DELETED                                                 
                                                    NO  TEST(S) REQUIRE INSPECTION                                      
 FOR OFFICIAL USE ONLY            ON-SITE VALIDATION, NATIONAL INSTITUTE OF STD & TECH.                   COPYRIGHT 1974
