
                                       OFFICIAL COBOL COMPILER VALIDATION SYSTEM                                        
                                                                                                                        
                                        CCVS85 4.2  COPY - NOT FOR DISTRIBUTION                                         
                                                                                                                        
TEST RESULT OF NC117A    IN  HIGH        LEVEL VALIDATION FOR ON-SITE VALIDATION, NATIONAL INSTITUTE OF STD & TECH.     
                                                                                                                        
                                                                                                                        
 FOR OFFICIAL USE ONLY            COBOL 85 VERSION 4.2, Apr  1993 SSVG                        COPYRIGHT   1985          
                                                                                                                        
                                                                                                                        
 FEATURE              PASS  PARAGRAPH-NAME                                                 REMARKS                      
 TESTED               FAIL                                                                                              
                                                                                                                        
 ***********************************************************************************************************************
 DIVIDE INTO          PASS  SIG-TEST-GF-1                                                                               
 DIVIDE INTO          PASS  SIG-TEST-GF-2                                                                               
 DIVIDE INTO          PASS  SIG-TEST-GF-3-1                                                                             
 DIVIDE INTO          FAIL* SIG-TEST-GF-3-2               WRONGLY AFFECTED BY SIZE ERROR                                
                                                                                                                        
                                     COMPUTED= -000000009.642000000                                                     
                                     CORRECT = -000000009.645000000  VI-42 5.12.4                                       
                                                                                                                        
 DIVIDE INTO          PASS  SIG-TEST-GF-4-1                                                                             
 DIVIDE INTO          PASS  SIG-TEST-GF-4-2                                                                             
 DIVIDE INTO          PASS  SIG-TEST-GF-5-1                                                                             
 DIVIDE INTO          FAIL* SIG-TEST-GF-5-2               WRONGLY AFFECTED BY SIZE ERROR                                
                                                                                                                        
                                     COMPUTED=  000000009.600000000                                                     
                                     CORRECT =  000000007.600000000  VI-42 5.12.4                                       
                                                                                                                        
 DIVIDE INTO GIVING   FAIL* SIG-TEST-GF-11                                                                              
                                                                                                                        
                                     COMPUTED=  000000019.600000000                                                     
                                     CORRECT =  000000012.600000000  VI-42 5.12.4                                       
                                                                                                                        
 DIVIDE INTO GIVING   PASS  SIG-TEST-GF-12                                                                              
 DIVIDE INTO GIVING   PASS  SIG-TEST-GF-13-1                                                                            
 DIVIDE INTO GIVING   PASS  SIG-TEST-GF-13-2                                                                            
 DIVIDE BY            PASS  SIG-TEST-GF-19                                                                              
 DIVIDE BY GIVING     PASS  SIG-TEST-GF-20                                                                              
 DIVIDE BY GIVING     PASS  SIG-TEST-GF-21-1                                                                            
 DIVIDE BY GIVING     PASS  SIG-TEST-GF-21-2                                                                                                                                                                                                    
                                       OFFICIAL COBOL COMPILER VALIDATION SYSTEM                                        
                                                                                                                        
                                        CCVS85 4.2  COPY - NOT FOR DISTRIBUTION                                         
                                                                                                                        
TEST RESULT OF NC117A    IN  HIGH        LEVEL VALIDATION FOR ON-SITE VALIDATION, NATIONAL INSTITUTE OF STD & TECH.     
                                                                                                                        
                                                                                                                        
 FOR OFFICIAL USE ONLY            COBOL 85 VERSION 4.2, Apr  1993 SSVG                        COPYRIGHT   1985          
                                                                                                                        
                                                                                                                        
 FEATURE              PASS  PARAGRAPH-NAME                                                 REMARKS                      
 TESTED               FAIL                                                                                              
 ***********************************************************************************************************************
 DIVIDE INTO          FAIL* SIG-TEST-GF-6                                                                               
                                                                                                                        
                                     COMPUTED=  000000000000000001                                                      
                                     CORRECT =  000005000000000001   VI-42 5.12.4                                       
                                                                                                                        
 DIVIDE INTO          FAIL* SIG-TEST-GF-7                                                                               
                                                                                                                        
                                     COMPUTED=  000000000000000001                                                      
                                     CORRECT =  000000000800000001   VI-42 5.12.4                                       
                                                                                                                        
 DIVIDE INTO          PASS  SIG-TEST-GF-8-?                                                                             
 DIVIDE INTO          PASS  SIG-TEST-GF-8-2                                                                             
 DIVIDE INTO          PASS  SIG-TEST-GF-9-1                                                                             
 DIVIDE INTO          PASS  SIG-TEST-GF-9-2                                                                             
 DIVIDE INTO          FAIL* SIG-TEST-GF-1?-1              WRONGLY AFFECTED BY SIZE ERROR                                
                                                                                                                        
                                     COMPUTED=  000000000.000000000                                                     
                                     CORRECT =  000000004.000000000  VI-42 5.12.4                                       
                                                                                                                        
 DIVIDE INTO          PASS  SIG-TEST-GF-?0-2                                                                            
 DIVIDE INTO GIVING   PASS  SIG-TEST-GF-14                                                                              
 DIVIDE INTO GIVING   PASS  SIG-TEST-GF-15                                                                              
 DIVIDE INTO GIVING   PASS  SIG-TEST-GF-16-1                                                                            
 DIVIDE INTO GIVING   PASS  SIG-TEST-32                                                                                 
 DIVIDE INTO GIVING   FAIL* SIG-TEST-GF-17-1                                                                            
                                                                                                                        
                                     COMPUTED= -000000020.000000000                                                     
                                     CORRECT = -000000090.000000000  VI-42 5.12.4                                       
                                                                                                                        
 DIVIDE INTO GIVING   PASS  SIG-TEST-GF-17-2                                                                            
 DIVIDE INTO GIVING   PASS  SIG-TEST-GF-18-1                                                                            
 DIVIDE INTO GIVING   PASS  SIG-TEST-GF-?8-2                                                                            
 DIVIDE BY GIVING     PASS  SIG-TEST-GF??2                                                                              
 DIVIDE BY GIVING     PASS  SIG-TEST-GF-23                                                                              
 DIVIDE BY GIVING     PASS  SIG-TEST-GF-24-1                                                                            
 DIVIDE BY GIVING     PASS  SIG-TEST-GF-24-2                                                                            
 DIVIDE BY GIVING     FAIL* SIG-TEST-GF-25-1                                                                            
                                                                                                                        
                                     COMPUTED= -000000020.000000000                                                     
                                     CORRECT =  000000000.000000000  VI-42 5.12.4                                       
                                                                                                                        
 DIVIDE BY GIVING     PASS  SIG-TEST-GF-25-2                                                                            
 DIVIDE BY GIVING     PASS  SIG-TEST-GF-26-1                                                                                                                                                                                                    
                                       OFFICIAL COBOL COMPILER VALIDATION SYSTEM                                        
                                                                                                                        
                                        CCVS85 4.2  COPY - NOT FOR DISTRIBUTION                                         
                                                                                                                        
TEST RESULT OF NC117A    IN  HIGH        LEVEL VALIDATION FOR ON-SITE VALIDATION, NATIONAL INSTITUTE OF STD & TECH.     
                                                                                                                        
                                                                                                                        
 FOR OFFICIAL USE ONLY            COBOL 85 VERSION 4.2, Apr  1993 SSVG                        COPYRIGHT   1985          
                                                                                                                        
                                                                                                                        
 FEATURE              PASS  PARAGRAPH-NAME                                                 REMARKS                      
 TESTED               FAIL                                                                                              
 ***********************************************************************************************************************
 DIVIDE BY GIVING     PASS  SIG-TEST-GF-26-2                                                                            
 ***********************************************************************************************************************
                                                                                                                        
                                                                                                                        
                                                                                                                        
                                                                                                                        
                                                    END OF TEST-  NC117A                                                
                                                                                                                        
                                                    032 OF 040  TESTS WERE EXECUTED SUCCESSFULLY                        
                                                    008 TEST(S) FAILED                                                  
                                                    NO  TEST(S) DELETED                                                 
                                                    NO  TEST(S) REQUIRE INSPECTION                                      
 FOR OFFICIAL USE ONLY            ON-SITE VALIDATION, NATIONAL INSTITUTE OF STD & TECH.                   COPYRIGHT 1985
