
                                       OFFICIAL COBOL COMPILER VALIDATION SYSTEM                                        
                                                                                                                        
                                        CCVS85 4.2  COPY - NOT FOR DISTRIBUTION                                         
                                                                                                                        
TEST RESULT OF NC112A    IN  HIGH        LEVEL VALIDATION FOR ON-SITE VALIDATION, NATIONAL INSTITUTE OF STD & TECH.     
                                                                                                                        
                                                                                                                        
 FOR OFFICIAL USE ONLY            COBOL 85 VERSION 4.2, Apr  1993 SSVG                        COPYRIGHT   1985          
                                                                                                                        
                                                                                                                        
 FEATURE              PASS  PARAGRAPH-NAME                                                 REMARKS                      
 TESTED               FAIL                                                                                              
                                                                                                                        
 ***********************************************************************************************************************
 ADD LIMITS TESTS     PASS  ADD-TEST-F1-1                                                                               
 ADD LIMITS TESTS     PASS  ADD-TEST-F1-2                                                                               
 ADD LIMITS TESTS     PASS  ADD-TEST-F2-1                                                                               
 ADD LIMITS TESTS     PASS  ADD-TEST-F2-2                                                                               
 ADD LIMITS TESTS     PASS  ADD-TEST-F1-3                                                                               
 ADD LIMITS TESTS     PASS  ADD-TEST-F2-3                                                                               
 ***********************************************************************************************************************
                                                                                                                        
                                                                                                                        
                                                                                                                        
                                                                                                                        
 SUBTRACT LIMITS      PASS  SUB-TEST-F1-1                                                                               
 SUBTRACT LIMITS      PASS  SUB-TEST-F2-1                                                                               
 SUBTRACT LIMITS      PASS  SUB-TEST-F2-2                                                                               
 SUBTRACT LIMITS      PASS  SUB-TEST-F2-3                                                                               
 SUBTRACT LIMITS      PASS  SUB-TEST-F1-2                                                                               
 SUBTRACT LIMITS      PASS  SUB-TEST-F2-4                                                                               
 ***********************************************************************************************************************
                                                                                                                        
                                                                                                                        
                                                                                                                        
                                                                                                                        
 MOVE LIMITS TESTS    PASS  MOVE-TEST-F?-?-?                                                                            
 MOVE LIMITS TESTS    FAIL* MOVE-TEST-F?-?-2                                                                            
                                                                                                                        
                                     COMPUTED=  000000001.000000000                                                     
                                     CORRECT =  000000007.000000000  V1-134 6.25.4 GR1,2                                
                                                                                                                                                                                                                                                
                                       OFFICIAL COBOL COMPILER VALIDATION SYSTEM                                        
                                                                                                                        
                                        CCVS85 4.2  COPY - NOT FOR DISTRIBUTION                                         
                                                                                                                        
TEST RESULT OF NC112A    IN  HIGH        LEVEL VALIDATION FOR ON-SITE VALIDATION, NATIONAL INSTITUTE OF STD & TECH.     
                                                                                                                        
                                                                                                                        
 FOR OFFICIAL USE ONLY            COBOL 85 VERSION 4.2, Apr  1993 SSVG                        COPYRIGHT   1985          
                                                                                                                        
                                                                                                                        
 FEATURE              PASS  PARAGRAPH-NAME                                                 REMARKS                      
 TESTED               FAIL                                                                                              
 ***********************************************************************************************************************
 MOVE LIMITS TESTS    PASS  MOVE-TEST-F?-?-3                                                                            
 MOVE LIMITS TESTS    PASS  MOVE-TEST-F?-?-4                                                                            
 MOVE LIMITS TESTS    PASS  MOVE-TEST-F?-?-5                                                                            
 MOVE LIMITS TESTS    FAIL* MOVE-TEST-F?-?-6                                                                            
                                                                                                                        
                                     COMPUTED=  000000001.000000000                                                     
                                     CORRECT =  000000007.000000000  V1-134 6.25.4 GR1,2                                
                                                                                                                        
 MOVE LIMITS TESTS    FAIL* MOVE-TEST-F?-?-7                                                                            
                                                                                                                        
                                     COMPUTED=  000000001.000000000                                                     
                                     CORRECT =  000000002.000000000  V1-134 6.25.4 GR1,2                                
                                                                                                                        
 MOVE LIMITS TESTS    PASS  MOVE-TEST-F?-?-8                                                                            
 MOVE LIMITS TESTS    PASS  MOVE-TEST-F?-?-9                                                                            
 MOVE LIMITS TESTS    PASS  MOVE-TEST-F?-?-?0                                                                           
 MOVE LIMITS TESTS    FAIL* MOVE-TEST-F1-2-1                                                                            
                                                                                                                        
                                     COMPUTED=  000000000.000000000                                                     
                                     CORRECT =  000000009.000000000  V1-134 6.25.4 GR1,2                                
                                                                                                                        
 MOVE LIMITS TESTS    PASS  MOVE-TEST-F1-2-2                                                                            
 MOVE LIMITS TESTS    PASS  MOVE-TEST-F1-2-3                                                                            
 MOVE LIMITS TESTS    PASS  MOVE-TEST-F1-2-4                                                                            
 MOVE LIMITS TESTS    PASS  MOVE-TEST-F1-2-5                                                                            
 MOVE LIMITS TESTS    PASS  MOVE-TEST-F1-2-6                                                                            
 MOVE LIMITS TESTS    PASS  MOVE-TEST-F1-2-7                                                                            
 MOVE LIMITS TESTS    FAIL* MOVE-TEST-F1-2-8                                                                            
                                                                                                                        
                                     COMPUTED=  000000000.000000000                                                     
                                     CORRECT =  000000002.000000000  V1-134 6.25.4 GR1,2                                
                                                                                                                        
 MOVE LIMITS TESTS    PASS  MOVE-TEST-F1-2-9                                                                            
 MOVE LIMITS TESTS    PASS  MOVE-TEST-F1-2-1?                                                                           
 ***********************************************************************************************************************
                                                                                                                        
                                                                                                                        
                                                                                                                        
                                                                                                                        
                                                    END OF TEST-  NC112A                                                
                                                                                                                        
                                                    027 OF 032  TESTS WERE EXECUTED SUCCESSFULLY                        
                                                    005 TEST(S) FAILED                                                                                                                                                                          
                                       OFFICIAL COBOL COMPILER VALIDATION SYSTEM                                        
                                                                                                                        
                                        CCVS85 4.2  COPY - NOT FOR DISTRIBUTION                                         
                                                                                                                        
TEST RESULT OF NC112A    IN  HIGH        LEVEL VALIDATION FOR ON-SITE VALIDATION, NATIONAL INSTITUTE OF STD & TECH.     
                                                                                                                        
                                                                                                                        
 FOR OFFICIAL USE ONLY            COBOL 85 VERSION 4.2, Apr  1993 SSVG                        COPYRIGHT   1985          
                                                                                                                        
                                                                                                                        
 FEATURE              PASS  PARAGRAPH-NAME                                                 REMARKS                      
 TESTED               FAIL                                                                                              
 ***********************************************************************************************************************
                                                    NO  TEST(S) DELETED                                                 
                                                    NO  TEST(S) REQUIRE INSPECTION                                      
 FOR OFFICIAL USE ONLY            ON-SITE VALIDATION, NATIONAL INSTITUTE OF STD & TECH.                   COPYRIGHT 1985
