
                                       OFFICIAL COBOL COMPILER VALIDATION SYSTEM                                        
                                                                                                                        
                                        CCVS85 4.2  COPY - NOT FOR DISTRIBUTION                                         
                                                                                                                        
TEST RESULT OF NC132A    IN  HIGH        LEVEL VALIDATION FOR ON-SITE VALIDATION, NATIONAL INSTITUTE OF STD & TECH.     
                                                                                                                        
                                                                                                                        
 FOR OFFICIAL USE ONLY            COBOL 85 VERSION 4.2, Apr  1993 SSVG                        COPYRIGHT   1985          
                                                                                                                        
                                                                                                                        
 FEATURE              PASS  PARAGRAPH-NAME                                                 REMARKS                      
 TESTED               FAIL                                                                                              
                                                                                                                        
 ***********************************************************************************************************************
 SUBSCRIPTING         PASS  SUB-SCRIPT-1                                                                                
 SUBSCRIPTING         PASS  SUB-SCRIPT-2                                                                                
 SUBSCRIPTING         PASS  SUB-SCRIPT-3                                                                                
 SUBSCRIPTING         PASS  SUB-SCRIPT-4                                                                                
 SUBSCRIPTING         PASS  SUB-SCRIPT-5                                                                                
 SUBSCRIPTING         PASS  SUB-SCRIPT-6                                                                                
 SUBSCRIPTING         PASS  SUB-SCRIPT-8                                                                                
 SUBSCRIPTING         PASS  SUB-SCRIPT-9                                                                                
 SUBSCRIPTING         FAIL* SUB-SCRIPT-10                                                                               
                                                                                                                        
                                     COMPUTED= 1                                                                        
                                     CORRECT = 2                     IV-21 4.3.8.2                                      
                                                                                                                        
 SUBSCRIPTING         PASS  SUB-SCRIPT-11                                                                               
 SUBSCRIPTING         PASS  SUB-SCRIPT-12                                                                               
 SUBSCRIPTING         PASS  SUB-SCRIPT-13                                                                               
 SUBSCRIPTING         PASS  SUB-SCRIPT-14                                                                               
 SUBSCRIPTING         PASS  SUB-SCRIPT-15                                                                               
 SUBSCRIPTING         PASS  SUB-SCRIPT-16                                                                               
 SUBSCRIPTING         PASS  SUB-SCRIPT-17                                                                               
 SUBSCRIPTING         PASS  SUB-SCRIPT-18                                                                               
 SUBSCRIPTING         PASS  SUB-SCRIPT-19                                                                               
 SUBSCRIPTING         PASS  SUB-SCRIPT-20                                                                               
 SUBSCRIPTING         PASS  SUB-SCRIPT-21                                                                               
 SUBSCRIPTING         FAIL* SUB-SCRIPT-22                                                                               
                                                                                                                        
                                     COMPUTED= 4321                                                                     
                                     CORRECT = N321                  IV-21 4.3.8.2                                                                                                                                                              
                                       OFFICIAL COBOL COMPILER VALIDATION SYSTEM                                        
                                                                                                                        
                                        CCVS85 4.2  COPY - NOT FOR DISTRIBUTION                                         
                                                                                                                        
TEST RESULT OF NC132A    IN  HIGH        LEVEL VALIDATION FOR ON-SITE VALIDATION, NATIONAL INSTITUTE OF STD & TECH.     
                                                                                                                        
                                                                                                                        
 FOR OFFICIAL USE ONLY            COBOL 85 VERSION 4.2, Apr  1993 SSVG                        COPYRIGHT   1985          
                                                                                                                        
                                                                                                                        
 FEATURE              PASS  PARAGRAPH-NAME                                                 REMARKS                      
 TESTED               FAIL                                                                                              
 ***********************************************************************************************************************
                                                                                                                        
 SUBSCRIPTING         FAIL* SUB-SCRIPT-23                                                                               
                                                                                                                        
                                     COMPUTED= 1234                                                                     
                                     CORRECT = A234                  IV-21 4.3.8.2                                      
                                                                                                                        
 SUBSCRIPTING         PASS  SUB-SCRIPT-24                                                                               
 SUBSCRIPTING         PASS  SUB-SCRIPT-25                                                                               
 SUBSCRIPTING         PASS  SUB-SCRIPT-26                                                                               
 ***********************************************************************************************************************
                                                                                                                        
                                                                                                                        
                                                                                                                        
                                                                                                                        
                                                    END OF TEST-  NC132A                                                
                                                                                                                        
                                                    022 OF 025  TESTS WERE EXECUTED SUCCESSFULLY                        
                                                    003 TEST(S) FAILED                                                  
                                                    NO  TEST(S) DELETED                                                 
                                                    NO  TEST(S) REQUIRE INSPECTION                                      
 FOR OFFICIAL USE ONLY            ON-SITE VALIDATION, NATIONAL INSTITUTE OF STD & TECH.                   COPYRIGHT 1985
