
                                       OFFICIAL COBOL COMPILER VALIDATION SYSTEM                                        
                                                                                                                        
                                        CCVS85 4.2  COPY - NOT FOR DISTRIBUTION                                         
                                                                                                                        
TEST RESULT OF NC244A    IN  HIGH        LEVEL VALIDATION FOR ON-SITE VALIDATION, NATIONAL INSTITUTE OF STD & TECH.     
                                                                                                                        
                                                                                                                        
 FOR OFFICIAL USE ONLY            COBOL 85 VERSION 4.2, Apr  1993 SSVG                        COPYRIGHT   1985          
                                                                                                                        
                                                                                                                        
 FEATURE              PASS  PARAGRAPH-NAME                                                 REMARKS                      
 TESTED               FAIL                                                                                              
                                                                                                                        
 ***********************************************************************************************************************
 RELATIVE INDEXING    FAIL* IDX-TEST-F1-1                                                                               
                                                                                                                        
                                     COMPUTED= JJ                                                                       
                                     CORRECT = YJ                    VI-126 6.22.2                                      
                                                                                                                        
 SET DN BY COMP ITEM  FAIL* IDX-TEST-F2-2                                                                               
                                                                                                                        
                                     COMPUTED=  000000029.000000000                                                     
                                     CORRECT =  000000089.000000000  VI-126 6.22.2                                      
                                                                                                                        
 SET UP BY COMP ITEM  FAIL* IDX-TEST-F2-3                                                                               
                                                                                                                        
                                     COMPUTED=  000000012.000000000                                                     
                                     CORRECT =  000000032.000000000  VI-126 6.22.2                                      
                                                                                                                        
 MULT OPERND SET STMT PASS  IDX-TEST-F2-4                                                                               
 PFM VARYNG COMP ITEM PASS  IDX-TEST-F2-5                                                                               
 PFM VARYNG COMP ITEM PASS  IDX-TEST-F2-6                                                                               
 ***********************************************************************************************************************
                                                                                                                        
                                                                                                                        
                                                                                                                        
                                                                                                                        
                                                    END OF TEST-  NC244A                                                
                                                                                                                        
                                                    003 OF 006  TESTS WERE EXECUTED SUCCESSFULLY                        
                                                    003 TEST(S) FAILED                                                  
                                                    NO  TEST(S) DELETED                                                 
                                                    NO  TEST(S) REQUIRE INSPECTION                                      
 FOR OFFICIAL USE ONLY            ON-SITE VALIDATION, NATIONAL INSTITUTE OF STD & TECH.                   COPYRIGHT 1985
