
                                       OFFICIAL COBOL COMPILER VALIDATION SYSTEM                                        
                                                                                                                        
                                        CCVS85 4.2  COPY - NOT FOR DISTRIBUTION                                         
                                                                                                                        
TEST RESULT OF NC253A    IN  HIGH        LEVEL VALIDATION FOR ON-SITE VALIDATION, NATIONAL INSTITUTE OF STD & TECH.     
                                                                                                                        
                                                                                                                        
 FOR OFFICIAL USE ONLY            COBOL 85 VERSION 4.2, Apr  1993 SSVG                        COPYRIGHT   1985          
                                                                                                                        
                                                                                                                        
 FEATURE              PASS  PARAGRAPH-NAME                                                 REMARKS                      
 TESTED               FAIL                                                                                              
                                                                                                                        
 ***********************************************************************************************************************
 ***********************************************************************************************************************
                                                                                                                        
                                                                                                                        
                                                                                                                        
                                                                                                                        
 SUBTRACT SERIES      FAIL* SUB-TEST-F3-1                                                                               
                                                                                                                        
                                     COMPUTED= 11223344506677889900                                                     
                                     CORRECT = 11223144506677889900  VI-134 6.25.4 GR3                                  
                                                                                                                        
 SUBTRACT SERIES      FAIL* SUB-TEST-F3-2                                                                               
                                                                                                                        
                                     COMPUTED= 11223344606677889900                                                     
                                     CORRECT = 11H23344606677889900  VI-134 6.25.4 GR3                                  
                                                                                                                        
 SUBTRACT SERIES      PASS  SUB-TEST-F3-3-1                                                                             
 SUBTRACT SERIES      PASS  SUB-TEST-F3-3-2                                                                             
 SUBTRACT SERIES      PASS  SUB-TEST-F3-3-3                                                                             
 SUBTRACT SERIES      PASS  SUB-TEST-3-3-4                                                                              
 SUBTRACT SERIES      PASS  SUB-TEST-F3-4                                                                               
 SUBTRACT SERIES      PASS  SUB-TEST-F3-5                                                                               
 SUBTRACT SERIES      PASS  SUB-TEST-F3-6                                                                               
 SUBTRACT SERIES      FAIL* SUB-TEST-F3-7                                                                               
                                                                                                                        
                                     COMPUTED= 88889999999999                                                           
                                     CORRECT = 8B889999999999        VI-134 6.25.4 GR3                                  
                                                                                                                        
 SUBTRACT SERIES      PASS  SUB-TEST-F3-8                                                                               
 SUBTRACT SERIES      PASS  SUB-TEST-F3-9-1    .01                                                                      
 SUBTRACT SERIES      PASS  SUB-TEST-F3-9-2    .02                                                                      
 SUBTRACT SERIES      PASS  SUB-TEST-F3-9-3    .03                                                                      
 SUBTRACT SERIES      PASS  SUB-TEST-F3-9-4    .04                                                                      
 SUBTRACT SERIES      PASS  SUB-TEST-F3-10-1   .01                                                                      
 SUBTRACT SERIES      PASS  SUB-TEST-F3-10-2   .02                                                                      
 SUBTRACT SERIES      PASS  SUB-TEST-F3-10-3   .03                                                                      
 SUBTRACT SERIES      PASS  SUB-TEST-F3-10-4   .04                                                                                                                                                                                              
 FEATURE              PASS  PARAGRAPH-NAME                                                 REMARKS                      
 TESTED               FAIL                                                                                              
                                                                                                                        
 ***********************************************************************************************************************
 SUBTRACT SERIES      PASS  SUB-TEST-F3-11-1   .01                                                                      
 SUBTRACT SERIES      PASS  SUB-TEST-F3-11-1   .02                                                                      
 SUBTRACT SERIES      PASS  SUB-TEST-F3-11-3   .03                                                                      
 SUBTRACT SERIES      PASS  SUB-TEST-F3-11-4   .04                                                                      
 SUBTRACT SERIES      PASS  SUB-TEST-F3-12-1   .01                                                                      
 SUBTRACT SERIES      PASS  SUB-TEST-F3-12-2   .02                                                                      
 SUBTRACT SERIES      PASS  SUB-TEST-F3-12-3   .03                                                                      
 SUBTRACT SERIES      PASS  SUB-TEST-F3-12-4   .04                                                                      
 SUBTRACT SERIES      PASS  SUB-TEST-F3-13-1   .01                                                                      
 SUBTRACT SERIES      PASS  SUB-TEST-F3-13-2   .02                                                                      
 SUBTRACT SERIES      PASS  SUB-TEST-F3-13-3   .03                                                                      
 SUBTRACT SERIES      PASS  SUB-TEST-F3-13-4   .04                                                                      
 SUBTRACT SERIES      PASS  SUB-TEST-F3-14-1   .01                                                                      
 SUBTRACT SERIES      PASS  SUB-TEST-F3-14-2   .02                                                                      
 SUBTRACT SERIES      PASS  SUB-TEST-F3-14-3   .03                                                                      
 SUBTRACT SERIES      PASS  SUB-TEST-F3-14-4   .04                                                                      
 SUBTRACT SERIES      PASS  SUB-TEST-F3-14-5   .05                                                                      
 SUBTRACT SERIES      PASS  SUB-TEST-F3-15-1   .01                                                                      
 SUBTRACT SERIES      PASS  SUB-TEST-F3-15-2   .02                                                                      
 SUBTRACT SERIES      PASS  SUB-TEST-F3-15-3   .03                                                                      
 SUBTRACT SERIES      PASS  SUB-TEST-F3-15-4   .04                                                                      
 SUBTRACT SERIES      PASS  SUB-TEST-F3-15-5   .05                                                                      
 SUBTRACT SERIES      PASS  SUB-TEST-F3-16-1   .01                                                                      
 SUBTRACT SERIES      PASS  SUB-TEST-F3-16-2   .02                                                                      
 SUBTRACT SERIES      PASS  SUB-TEST-F3-16-3   .03                                                                      
 SUBTRACT SERIES      PASS  SUB-TEST-F3-16-4   .04                                                                      
 SUBTRACT SERIES      PASS  SUB-TEST-F3-16-5   .05                                                                      
 SUBTRACT SERIES      PASS  SUB-TEST-F3-17-1   .01                                                                      
 SUBTRACT SERIES      PASS  SUB-TEST-F3-17-2   .02                                                                      
 SUBTRACT SERIES      PASS  SUB-TEST-F3-17-3   .03                                                                      
 SUBTRACT SERIES      PASS  SUB-TEST-F3-17-4   .04                                                                      
 SUBTRACT SERIES      PASS  SUB-TEST-F3-17-5   .05                                                                      
 SUBTRACT SERIES      PASS  SUB-TEST-F3-18-1   .01                                                                      
 SUBTRACT SERIES      PASS  SUB-TEST-F3-18-2   .02                                                                      
 SUBTRACT SERIES      PASS  SUB-TEST-F3-18-3   .03                                                                      
 SUBTRACT SERIES      PASS  SUB-TEST-F3-18-4   .04                                                                      
 SUBTRACT SERIES      PASS  SUB-TEST-F3-18-5   .05                                                                      
 SUBTRACT SERIES      PASS  SUB-TEST-F3-19-1   .01                                                                      
 SUBTRACT SERIES      PASS  SUB-TEST-F3-19-2   .02                                                                      
 SUBTRACT SERIES      PASS  SUB-TEST-F3-19-3   .03                                                                      
 SUBTRACT SERIES      PASS  SUB-TEST-F3-19-4   .04                                                                      
 SUBTRACT SERIES      PASS  SUB-TEST-F3-19-5   .05                                                                      
 ***********************************************************************************************************************
                                                                                                                        
                                                                                                                        
                                                                                                                        
                                                                                                                        
                                                    END OF TEST-  NC253A                                                
                                                                                                                        
                                                    058 OF 061  TESTS WERE EXECUTED SUCCESSFULLY                        
                                                    003 TEST(S) FAILED                                                                                                                                                                          
 FEATURE              PASS  PARAGRAPH-NAME                                                 REMARKS                      
 TESTED               FAIL                                                                                              
                                                                                                                        
 ***********************************************************************************************************************
                                                    NO  TEST(S) DELETED                                                 
                                                    NO  TEST(S) REQUIRE INSPECTION                                      
 FOR OFFICIAL USE ONLY            ON-SITE VALIDATION, NATIONAL INSTITUTE OF STD & TECH.                   COPYRIGHT 1985
