
                                       OFFICIAL COBOL COMPILER VALIDATION SYSTEM                                        
                                                                                                                        
                                        CCVS85 4.2  COPY - NOT FOR DISTRIBUTION                                         
                                                                                                                        
TEST RESULT OF IF110A    IN  HIGH        LEVEL VALIDATION FOR ON-SITE VALIDATION, NATIONAL INSTITUTE OF STD & TECH.     
                                                                                                                        
                                                                                                                        
 FOR OFFICIAL USE ONLY            COBOL 85 VERSION 4.2, Apr  1993 SSVG                        COPYRIGHT   1985          
                                                                                                                        
                                                                                                                        
 FEATURE              PASS  PARAGRAPH-NAME                                                 REMARKS                      
 TESTED               FAIL                                                                                              
                                                                                                                        
 ***********************************************************************************************************************
 FACTORIAL Function   PASS  F-FACTORIAL-0?                                                                              
 FACTORIAL Function   PASS  F-FACTORIAL-02                                                                              
 FACTORIAL Function   PASS  F-FACTORIAL-03                                                                              
 FACTORIAL Function   FAIL* F-FACTORIAL-04                                                                              
                                                                                                                        
                                     COMPUTED=  000000006.000000000                                                     
                                     CORRECT =  000000002.000000000  See ref. A-43 2.14                                 
                                                                                                                        
 FACTORIAL Function   FAIL* F-FACTORIAL-05                                                                              
                                                                                                                        
                                     COMPUTED=  000005040.000000000                                                     
                                     CORRECT =  000005940.000000000  See ref. A-43 2.14                                 
                                                                                                                        
 FACTORIAL Function   FAIL* F-FACTORIAL-06                                                                              
                                                                                                                        
                                     COMPUTED=  000000720.000000000                                                     
                                     CORRECT =  000000820.000000000  See ref. A-43 2.14                                 
                                                                                                                        
 FACTORIAL Function   PASS  F-FACTORIAL-07                                                                              
 FACTORIAL Function   PASS  F-FACTORIAL-08                                                                              
 FACTORIAL Function   PASS  F-FACTORIAL-09                                                                              
 ***********************************************************************************************************************
                                                                                                                        
                                                                                                                        
                                                                                                                        
                                                                                                                        
                                                    END OF TEST-  IF110A                                                
                                                                                                                                                                                                                                                
                                       OFFICIAL COBOL COMPILER VALIDATION SYSTEM                                        
                                                                                                                        
                                        CCVS85 4.2  COPY - NOT FOR DISTRIBUTION                                         
                                                                                                                        
TEST RESULT OF IF110A    IN  HIGH        LEVEL VALIDATION FOR ON-SITE VALIDATION, NATIONAL INSTITUTE OF STD & TECH.     
                                                                                                                        
                                                                                                                        
 FOR OFFICIAL USE ONLY            COBOL 85 VERSION 4.2, Apr  1993 SSVG                        COPYRIGHT   1985          
                                                                                                                        
                                                                                                                        
 FEATURE              PASS  PARAGRAPH-NAME                                                 REMARKS                      
 TESTED               FAIL                                                                                              
 ***********************************************************************************************************************
                                                    006 OF 009  TESTS WERE EXECUTED SUCCESSFULLY                        
                                                    003 TEST(S) FAILED                                                  
                                                    NO  TEST(S) DELETED                                                 
                                                    NO  TEST(S) REQUIRE INSPECTION                                      
 FOR OFFICIAL USE ONLY            ON-SITE VALIDATION, NATIONAL INSTITUTE OF STD & TECH.                   COPYRIGHT 1985
