
                                       OFFICIAL COBOL COMPILER VALIDATION SYSTEM                                        
                                                                                                                        
                                        CCVS85 4.2  COPY - NOT FOR DISTRIBUTION                                         
                                                                                                                        
TEST RESULT OF IF112A    IN  HIGH        LEVEL VALIDATION FOR ON-SITE VALIDATION, NATIONAL INSTITUTE OF STD & TECH.     
                                                                                                                        
                                                                                                                        
 FOR OFFICIAL USE ONLY            COBOL 85 VERSION 4.2, Apr  1993 SSVG                        COPYRIGHT   1985          
                                                                                                                        
                                                                                                                        
 FEATURE              PASS  PARAGRAPH-NAME                                                 REMARKS                      
 TESTED               FAIL                                                                                              
                                                                                                                        
 ***********************************************************************************************************************
 INTEGER-OF-DATE      PASS  F-DATEOFINT-01                                                                              
 INTEGER-OF-DATE      PASS  F-DATEOFINT-02                                                                              
 INTEGER-OF-DATE      PASS  F-DATEOFINT-03                                                                              
 INTEGER-OF-DATE      FAIL* F-DATEOFINT-04                                                                              
                                                                                                                        
                                     COMPUTED=  000000406.000000000                                                     
                                     CORRECT =  000000456.000000000  See ref. A-45 2.16                                 
                                                                                                                        
 INTEGER-OF-DATE      FAIL* F-DATEOFINT-05                                                                              
                                                                                                                        
                                     COMPUTED=  000000365.000000000                                                     
                                     CORRECT =  000000665.000000000  See ref. A-45 2.16                                 
                                                                                                                        
 INTEGER-OF-DATE      PASS  F-DATEOFINT-06                                                                              
 INTEGER-OF-DATE      FAIL* F-DATEOFINT-07                                                                              
                                                                                                                        
                                     COMPUTED=  000000800.000000000                                                     
                                     CORRECT =  000000870.000000000  See ref. A-45 2.16                                 
                                                                                                                        
 INTEGER-OF-DATE      PASS  F-DATEOFINT-10                                                                              
 ***********************************************************************************************************************
                                                                                                                        
                                                                                                                        
                                                                                                                        
                                                                                                                        
                                                    END OF TEST-  IF112A                                                
                                                                                                                        
                                                    005 OF 008  TESTS WERE EXECUTED SUCCESSFULLY                                                                                                                                                
                                       OFFICIAL COBOL COMPILER VALIDATION SYSTEM                                        
                                                                                                                        
                                        CCVS85 4.2  COPY - NOT FOR DISTRIBUTION                                         
                                                                                                                        
TEST RESULT OF IF112A    IN  HIGH        LEVEL VALIDATION FOR ON-SITE VALIDATION, NATIONAL INSTITUTE OF STD & TECH.     
                                                                                                                        
                                                                                                                        
 FOR OFFICIAL USE ONLY            COBOL 85 VERSION 4.2, Apr  1993 SSVG                        COPYRIGHT   1985          
                                                                                                                        
                                                                                                                        
 FEATURE              PASS  PARAGRAPH-NAME                                                 REMARKS                      
 TESTED               FAIL                                                                                              
 ***********************************************************************************************************************
                                                    003 TEST(S) FAILED                                                  
                                                    NO  TEST(S) DELETED                                                 
                                                    NO  TEST(S) REQUIRE INSPECTION                                      
 FOR OFFICIAL USE ONLY            ON-SITE VALIDATION, NATIONAL INSTITUTE OF STD & TECH.                   COPYRIGHT 1985
