
                                       OFFICIAL COBOL COMPILER VALIDATION SYSTEM                                        
                                                                                                                        
                                        CCVS85 4.2  COPY - NOT FOR DISTRIBUTION                                         
                                                                                                                        
TEST RESULT OF IF113A    IN  HIGH        LEVEL VALIDATION FOR ON-SITE VALIDATION, NATIONAL INSTITUTE OF STD & TECH.     
                                                                                                                        
                                                                                                                        
 FOR OFFICIAL USE ONLY            COBOL 85 VERSION 4.2, Apr  1993 SSVG                        COPYRIGHT   1985          
                                                                                                                        
                                                                                                                        
 FEATURE              PASS  PARAGRAPH-NAME                                                 REMARKS                      
 TESTED               FAIL                                                                                              
                                                                                                                        
 ***********************************************************************************************************************
 INTEGER-OF-DAY       FAIL* F-INTOFDAY-01                                                                               
                                                                                                                        
                                     COMPUTED=  000000001.000000000                                                     
                                     CORRECT =  000000009.000000000  See ref. A-46 2.17                                 
                                                                                                                        
 INTEGER-OF-DAY       PASS  F-INTOFDAY-02                                                                               
 INTEGER-OF-DAY       PASS  F-INTOFDAY-03                                                                               
 INTEGER-OF-DAY       PASS  F-INTOFDAY-04                                                                               
 INTEGER-OF-DAY       FAIL* F-INTOFDAY-05                                                                               
                                                                                                                        
                                     COMPUTED=  000000365.000000000                                                     
                                     CORRECT =  000000325.000000000  See ref. A-46 2.17                                 
                                                                                                                        
 INTEGER-OF-DAY       FAIL* F-INTOFDAY-06                                                                               
                                                                                                                        
                                     COMPUTED=  000000410.000000000                                                     
                                     CORRECT =  000000510.000000000  See ref. A-46 2.17                                 
                                                                                                                        
 INTEGER-OF-DAY       PASS  F-INTOFDAY-07                                                                               
 INTEGER-OF-DAY       PASS  F-INTOFDAY-08                                                                               
 ***********************************************************************************************************************
                                                                                                                        
                                                                                                                        
                                                                                                                        
                                                                                                                        
                                                    END OF TEST-  IF113A                                                
                                                                                                                        
                                                    005 OF 008  TESTS WERE EXECUTED SUCCESSFULLY                                                                                                                                                
                                       OFFICIAL COBOL COMPILER VALIDATION SYSTEM                                        
                                                                                                                        
                                        CCVS85 4.2  COPY - NOT FOR DISTRIBUTION                                         
                                                                                                                        
TEST RESULT OF IF113A    IN  HIGH        LEVEL VALIDATION FOR ON-SITE VALIDATION, NATIONAL INSTITUTE OF STD & TECH.     
                                                                                                                        
                                                                                                                        
 FOR OFFICIAL USE ONLY            COBOL 85 VERSION 4.2, Apr  1993 SSVG                        COPYRIGHT   1985          
                                                                                                                        
                                                                                                                        
 FEATURE              PASS  PARAGRAPH-NAME                                                 REMARKS                      
 TESTED               FAIL                                                                                              
 ***********************************************************************************************************************
                                                    003 TEST(S) FAILED                                                  
                                                    NO  TEST(S) DELETED                                                 
                                                    NO  TEST(S) REQUIRE INSPECTION                                      
 FOR OFFICIAL USE ONLY            ON-SITE VALIDATION, NATIONAL INSTITUTE OF STD & TECH.                   COPYRIGHT 1985
