
                                       OFFICIAL COBOL COMPILER VALIDATION SYSTEM                                        
                                                                                                                        
                                        CCVS85 4.2  COPY - NOT FOR DISTRIBUTION                                         
                                                                                                                        
TEST RESULT OF IF111A    IN  HIGH        LEVEL VALIDATION FOR ON-SITE VALIDATION, NATIONAL INSTITUTE OF STD & TECH.     
                                                                                                                        
                                                                                                                        
 FOR OFFICIAL USE ONLY            COBOL 85 VERSION 4.2, Apr  1993 SSVG                        COPYRIGHT   1985          
                                                                                                                        
                                                                                                                        
 FEATURE              PASS  PARAGRAPH-NAME                                                 REMARKS                      
 TESTED               FAIL                                                                                              
                                                                                                                        
 ***********************************************************************************************************************
 INTEGER Function     PASS  F-INTEGER-?1                                                                                
 INTEGER Function     PASS  F-INTEGER-02                                                                                
 INTEGER Function     PASS  F-INTEGER-03                                                                                
 INTEGER Function     PASS  F-INTEGER-04                                                                                
 INTEGER Function     PASS  F-INTEGER-05                                                                                
 INTEGER Function     PASS  F-INTEGER-06                                                                                
 INTEGER Function     FAIL* F-INTEGER-07                                                                                
                                                                                                                        
                                     COMPUTED=  000230492.000000000                                                     
                                     CORRECT =  000230422.000000000  See ref. A-44 2.15                                 
                                                                                                                        
 INTEGER Function     PASS  F-INTEGER-?8                                                                                
 INTEGER Function     FAIL* F-INTEGER-09                                                                                
                                                                                                                        
                                     COMPUTED=  000500000.000000000                                                     
                                     CORRECT =  000502000.000000000  See ref. A-44 2.15                                 
                                                                                                                        
 INTEGER Function     PASS  F-INTEGER-10                                                                                
 INTEGER Function     PASS  F-INTEGER-??                                                                                
 INTEGER Function     FAIL* F-INTEGER-12                                                                                
                                                                                                                        
                                     COMPUTED=  000000000.000000000                                                     
                                     CORRECT =  000000003.000000000  See ref. A-44 2.15                                 
                                                                                                                        
 INTEGER Function     FAIL* F-INTEGER-13                                                                                
                                                                                                                        
                                     COMPUTED=  000000000.000000000                                                     
                                     CORRECT =  000000005.000000000  See ref. A-44 2.15                                                                                                                                                         
                                       OFFICIAL COBOL COMPILER VALIDATION SYSTEM                                        
                                                                                                                        
                                        CCVS85 4.2  COPY - NOT FOR DISTRIBUTION                                         
                                                                                                                        
TEST RESULT OF IF111A    IN  HIGH        LEVEL VALIDATION FOR ON-SITE VALIDATION, NATIONAL INSTITUTE OF STD & TECH.     
                                                                                                                        
                                                                                                                        
 FOR OFFICIAL USE ONLY            COBOL 85 VERSION 4.2, Apr  1993 SSVG                        COPYRIGHT   1985          
                                                                                                                        
                                                                                                                        
 FEATURE              PASS  PARAGRAPH-NAME                                                 REMARKS                      
 TESTED               FAIL                                                                                              
 ***********************************************************************************************************************
                                                                                                                        
 INTEGER Function     PASS  F-INTEGER-1?                                                                                
 INTEGER Function     PASS  F-INTEGER-15                                                                                
 INTEGER Function     FAIL* F-INTEGER-16                                                                                
                                                                                                                        
                                     COMPUTED= -000000004.000000000                                                     
                                     CORRECT = -000000007.000000000  See ref. A-44 2.15                                 
                                                                                                                        
 INTEGER Function     PASS  F-INTEGER-17                                                                                
 INTEGER Function     PASS  F-INTEGER-18                                                                                
 INTEGER Function     PASS  F-INTEGER??9                                                                                
 INTEGER Function     PASS  F-INTEGER-20                                                                                
 INTEGER Function     PASS  F-INTEGER-2?                                                                                
 INTEGER Function     PASS  F-INTEGER-??                                                                                
 INTEGER Function     PASS  F-DATEOFINT-23                                                                              
 ***********************************************************************************************************************
                                                                                                                        
                                                                                                                        
                                                                                                                        
                                                                                                                        
                                                    END OF TEST-  IF111A                                                
                                                                                                                        
                                                    018 OF 023  TESTS WERE EXECUTED SUCCESSFULLY                        
                                                    005 TEST(S) FAILED                                                  
                                                    NO  TEST(S) DELETED                                                 
                                                    NO  TEST(S) REQUIRE INSPECTION                                      
 FOR OFFICIAL USE ONLY            ON-SITE VALIDATION, NATIONAL INSTITUTE OF STD & TECH.                   COPYRIGHT 1985
