
                                       OFFICIAL COBOL COMPILER VALIDATION SYSTEM                                        
                                                                                                                        
                                        CCVS85 4.2  COPY - NOT FOR DISTRIBUTION                                         
                                                                                                                        
TEST RESULT OF IF127A    IN  HIGH        LEVEL VALIDATION FOR ON-SITE VALIDATION, NATIONAL INSTITUTE OF STD & TECH.     
                                                                                                                        
                                                                                                                        
 FOR OFFICIAL USE ONLY            COBOL 85 VERSION 4.2, Apr  1993 SSVG                        COPYRIGHT   1985          
                                                                                                                        
                                                                                                                        
 FEATURE              PASS  PARAGRAPH-NAME                                                 REMARKS                      
 TESTED               FAIL                                                                                              
                                                                                                                        
 ***********************************************************************************************************************
 ORD Function         PASS  F-ORD-01                                                                                    
 ORD Function         PASS  F-ORD-02                                                                                    
 ORD Function         PASS  F-ORD-03                                                                                    
 ORD Function         PASS  F-ORD-04                                                                                    
 ORD Function         FAIL* F-ORD-05                                                                                    
                                                                                                                        
                                     COMPUTED=  000000101.000000000                                                     
                                     CORRECT =  000000105.000000000  See ref. A-60 2.31                                 
                                                                                                                        
 ORD Function         PASS  F-ORD-06                                                                                    
 ORD Function         FAIL* F-ORD-07                                                                                    
                                                                                                                        
                                     COMPUTED=  000000105.000000000                                                     
                                     CORRECT =  000000165.000000000  See ref. A-60 2.31                                 
                                                                                                                        
 ORD Function         PASS  F-ORD-08                                                                                    
 ORD Function         PASS  F-ORD-09                                                                                    
 ***********************************************************************************************************************
                                                                                                                        
                                                                                                                        
                                                                                                                        
                                                                                                                        
                                                    END OF TEST-  IF127A                                                
                                                                                                                        
                                                    007 OF 009  TESTS WERE EXECUTED SUCCESSFULLY                        
                                                    002 TEST(S) FAILED                                                  
                                                    NO  TEST(S) DELETED                                                 
                                                    NO  TEST(S) REQUIRE INSPECTION                                                                                                                                                              
                                       OFFICIAL COBOL COMPILER VALIDATION SYSTEM                                        
                                                                                                                        
                                        CCVS85 4.2  COPY - NOT FOR DISTRIBUTION                                         
                                                                                                                        
TEST RESULT OF IF127A    IN  HIGH        LEVEL VALIDATION FOR ON-SITE VALIDATION, NATIONAL INSTITUTE OF STD & TECH.     
                                                                                                                        
                                                                                                                        
 FOR OFFICIAL USE ONLY            COBOL 85 VERSION 4.2, Apr  1993 SSVG                        COPYRIGHT   1985          
                                                                                                                        
                                                                                                                        
 FEATURE              PASS  PARAGRAPH-NAME                                                 REMARKS                      
 TESTED               FAIL                                                                                              
 ***********************************************************************************************************************
 FOR OFFICIAL USE ONLY            ON-SITE VALIDATION, NATIONAL INSTITUTE OF STD & TECH.                   COPYRIGHT 1985
