
                            FEDERAL COMPILER TESTING CENTER COBOL COMPILER VALIDATION   SYSTEM                          
                                                                                                                        
CCVS74 NCC  COPY, NOT FOR DISTRIBUTION.             TEST RESULTS SET-  SG102A                                           
                                                                                                                        
                                                                                                                        
                                                                                                                        
                                                                                                                        
 FOR OFFICIAL USE ONLY            COBOL 85 VERSION 4.2, Apr  1993 SSVG                        COPYRIGHT   1974          
                                                                                                                        
                                                                                                                        
 FEATURE              PASS  PARAGRAPH-NAME                                                  REMARKS                     
 TESTED               FAIL                                                                                              
                                                                                                                        
 ***********************************************************************************************************************
 SEGMENTATION         PASS  SEG-TEST-1                                                                                  
 SEGMENTATION         PASS  SEG-TEST-2                                                                                  
 SEGMENTATION         PASS  SEG-TEST-3                                                                                  
 SEGMENTATION         PASS  SEG-TEST-4                                                                                  
 SEGMENTATION         PASS  SEG-TEST-5                                                                                  
 SEGMENTATION         PASS  SEG-TEST-6                                                                                  
 SEGMENTATION         PASS  SEG-TEST-7                                                                                  
 ALTER RES TO NON-RES PASS  SEG-TEST-8                                                                                  
 ***********************************************************************************************************************
                                                                                                                        
                                                                                                                        
                                                                                                                        
                                                                                                                        
                                                    END OF TEST-  SG102A    NTIS DISTRIBUTION COBOL 74                  
                                                                                                                        
                                                    008 OF 008  TESTS WERE EXECUTED SUCCESSFULLY                        
                                                    NO  TEST(S) FAILED                                                  
                                                    NO  TEST(S) DELETED                                                 
                                                    NO  TEST(S) REQUIRE INSPECTION                                      
 FOR OFFICIAL USE ONLY            ON-SITE VALIDATION, NATIONAL INSTITUTE OF STD & TECH.                   COPYRIGHT 1974
