GnuCOBOL 3.2.0          NC114M.CBL           Sun Sep 20 2026 16:24:25  Page 0001

LINE    PG/LN  A...B............................................................

000001  000100 IDENTIFICATION DIVISION.
000002  000200 PROGRAM-ID.
000003  000300     NC114M.
000004  000400****************************************************************
000005  000500*                                                              *
000006  000600*    VALIDATION FOR:-                                          *
000007  000700*                                                              *
000008  000800*    "ON-SITE VALIDATION, NATIONAL INSTITUTE OF STD & TECH.     ".
000009  000900*                                                              *
000010  001000*    "COBOL 85 VERSION 4.2, Apr  1993 SSVG                      ".
000011  001100*                                                              *
000012  001200****************************************************************
000013  001300*                                                              *
000014  001400*      X-CARDS USED BY THIS PROGRAM ARE :-                     *
000015  001500*                                                              *
000016  001600*        X-55  - SYSTEM PRINTER NAME.                          *
000017  001700*        X-82  - SOURCE COMPUTER NAME.                         *
000018  001800*        X-83  - OBJECT COMPUTER NAME.                         *
000019  001900*                                                              *
000020  002000****************************************************************
000021  002100*
000022  002200*    PROGRAM NC114M TESTS:
000023  002300*
000024  002400*        ALPHA-NUMERIC EDITING
000025  002500*        COMMENT LINES
000026  002600*        UNIQUENESS OF REFERENCE (DATA, PARAGRAPH & SECTION NAME)
000027  002700*        SEQUENCE NUMBERING
000028  002800*
000029  002900******************************************************************
000030  003000*
000031  003100 ENVIRONMENT DIVISION.
000032  003200 CONFIGURATION SECTION.
000033  003300 SOURCE-COMPUTER.
000034  003400     GNU-Linux.
000035  003500 OBJECT-COMPUTER.
000036  003600     GNU-Linux
000037  003700      PROGRAM COLLATING SEQUENCE IS AMERICAN-INDIAN.
000038  003800 SPECIAL-NAMES.
000039  003900     ALPHABET AMERICAN-INDIAN IS NATIVE.
000040  004000 INPUT-OUTPUT SECTION.
000041  004100 FILE-CONTROL.
000042  004200     SELECT PRINT-FILE ASSIGN TO
000043  004300     "REPORT".
000044  004400 DATA DIVISION.
000045  004500 FILE SECTION.
000046  004600 FD  PRINT-FILE.
000047  004700 01  PRINT-REC PICTURE X(120).
000048  004800 01  DUMMY-RECORD PICTURE X(120).
000049  004900 WORKING-STORAGE SECTION.
000050  005000 01  NINE-DU-9  PIC 9 VALUE 9.
000051  005100 01  WRK-DU-99-1  PIC 99.
000052  005200 01  WRK-DU-99-2  PIC 99.
GnuCOBOL 3.2.0          NC114M.CBL           Sun Sep 20 2026 16:24:25  Page 0002

LINE    PG/LN  A...B............................................................

000053  005300 01  WRK-AE-1 PIC ABA VALUE "ABC".
000054  005400 01  WRK-AE-2 PIC A/AA.
000055  005500 01  WRK-AE-3  PIC XBXXX/XXX/XXX/XXX/XXXBXX.
000056  005600 01  WRK-NE-1 PIC 9/99   .
GnuCOBOL 3.2.0          NC114M.CBL           Sun Sep 20 2026 16:24:25  Page 0003

LINE    PG/LN  A...B............................................................

000057  005700/ STROKE-COMMENT-TEST-7   SHOULD PAGE EJECT AND PRINT ON TOP LINE
GnuCOBOL 3.2.0          NC114M.CBL           Sun Sep 20 2026 16:24:25  Page 0004

LINE    PG/LN  A...B............................................................

000058  005800/ STROKE-COMMENT-TEST-7   SHOULD PAGE EJECT AND PRINT ON TOP LINE
000059  005900* ASTERISK COMMENT SHOULD NOT BE SYNTAX CHECKED "(,$*.)-/+> <,....
000060  006000*SIGN-LEADING-TEST-9     ) ,  >   ;   <
000061  006100 01  WRK-DS-L-18V0-1 PIC S9(18)    SIGN IS LEADING      .
000062  006200* SIGN-TRAILING-TEST-10
000063  006300 01  WRK-DS-T-18V0-1 PIC S9(18)  SIGN TRAILING .
000064  006400* SIGN-SEPARATE-TEST-11
000065  006500 01  WRK-DS-S-18V0-1 PIC S9(18) SIGN TRAILING SEPARATE CHARACTER.
000066  006600* REDEFINITION-TEST-12
000067  006700 01  WRK-XN-18-1 PIC X(18).
000068  006800 01  WRK-AN-18-X-1 REDEFINES WRK-XN-18-1 PIC A(18).
000069  006900 01  GRP-X-1 REDEFINES WRK-XN-18-1.
000070  007000 02  WRK-DU-9V0-1 PIC 9(9).
000071  007100  02 WRK-DU-9V0-2 PIC 9(9).
000072  007200 01  WRK-DS-18V0-1 PIC S9(18)
000073  007300     VALUE  -123456789012345678.
000074  007400 01  WRK-XN-18-2 PIC X(18) VALUE "123456789012345678".
000075  007500 01  WRK-DS-LS-1P17-1 PIC S9P(17) SIGN LEADING SEPARATE
000076  007600     CHARACTER VALUE  -100000000000000000.
GnuCOBOL 3.2.0          NC114M.CBL           Sun Sep 20 2026 16:24:25  Page 0005

LINE    PG/LN  A...B............................................................

000077  007700/ STROKE-COMMENT-TEST-7   SHOULD PAGE EJECT AND PRINT ON TOP LINE
000078  007800 01  PIC-SYNTAX-TEST-19  PIC AB9.
GnuCOBOL 3.2.0          NC114M.CBL           Sun Sep 20 2026 16:24:25  Page 0006

LINE    PG/LN  A...B............................................................

000079  007900/ STROKE-COMMENT-TEST-7   SHOULD PAGE EJECT AND PRINT ON TOP LINE
000080  008000 01  TEST-RESULTS.
000081  008100     02 FILLER                   PIC X      VALUE SPACE.
000082  008200     02 FEATURE                  PIC X(20)  VALUE SPACE.
000083  008300     02 FILLER                   PIC X      VALUE SPACE.
000084  008400     02 P-OR-F                   PIC X(5)   VALUE SPACE.
000085  008500     02 FILLER                   PIC X      VALUE SPACE.
000086  008600     02  PAR-NAME.
000087  008700       03 FILLER                 PIC X(19)  VALUE SPACE.
000088  008800       03  PARDOT-X              PIC X      VALUE SPACE.
000089  008900       03 DOTVALUE               PIC 99     VALUE ZERO.
000090  009000     02 FILLER                   PIC X(8)   VALUE SPACE.
000091  009100     02 RE-MARK                  PIC X(61).
000092  009200 01  TEST-COMPUTED.
000093  009300     02 FILLER                   PIC X(30)  VALUE SPACE.
000094  009400     02 FILLER                   PIC X(17)  VALUE
000095  009500            "       COMPUTED=".
000096  009600     02 COMPUTED-X.
000097  009700     03 COMPUTED-A               PIC X(20)  VALUE SPACE.
000098  009800     03 COMPUTED-N               REDEFINES COMPUTED-A
000099  009900                                 PIC -9(9).9(9).
000100  010000     03 COMPUTED-0V18 REDEFINES COMPUTED-A   PIC -.9(18).
000101  010100     03 COMPUTED-4V14 REDEFINES COMPUTED-A   PIC -9(4).9(14).
000102  010200     03 COMPUTED-14V4 REDEFINES COMPUTED-A   PIC -9(14).9(4).
000103  010300     03       CM-18V0 REDEFINES COMPUTED-A.
000104  010400         04 COMPUTED-18V0                    PIC -9(18).
000105  010500         04 FILLER                           PIC X.
000106  010600     03 FILLER PIC X(50) VALUE SPACE.
000107  010700 01  TEST-CORRECT.
000108  010800     02 FILLER PIC X(30) VALUE SPACE.
000109  010900     02 FILLER PIC X(17) VALUE "       CORRECT =".
000110  011000     02 CORRECT-X.
000111  011100     03 CORRECT-A                  PIC X(20) VALUE SPACE.
000112  011200     03 CORRECT-N    REDEFINES CORRECT-A     PIC -9(9).9(9).
000113  011300     03 CORRECT-0V18 REDEFINES CORRECT-A     PIC -.9(18).
000114  011400     03 CORRECT-4V14 REDEFINES CORRECT-A     PIC -9(4).9(14).
000115  011500     03 CORRECT-14V4 REDEFINES CORRECT-A     PIC -9(14).9(4).
000116  011600     03      CR-18V0 REDEFINES CORRECT-A.
000117  011700         04 CORRECT-18V0                     PIC -9(18).
000118  011800         04 FILLER                           PIC X.
000119  011900     03 FILLER PIC X(2) VALUE SPACE.
000120  012000     03 COR-ANSI-REFERENCE             PIC X(48) VALUE SPACE.
000121  012100 01  CCVS-C-1.
000122  012200     02 FILLER  PIC IS X(99)    VALUE IS " FEATURE              PA
000123  012300-    "SS  PARAGRAPH-NAME
000124  012400-    "       REMARKS".
000125  012500     02 FILLER                     PIC X(20)    VALUE SPACE.
000126  012600 01  CCVS-C-2.
000127  012700     02 FILLER                     PIC X        VALUE SPACE.
000128  012800     02 FILLER                     PIC X(6)     VALUE "TESTED".
000129  012900     02 FILLER                     PIC X(15)    VALUE SPACE.
000130  013000     02 FILLER                     PIC X(4)     VALUE "FAIL".
GnuCOBOL 3.2.0          NC114M.CBL           Sun Sep 20 2026 16:24:25  Page 0007

LINE    PG/LN  A...B............................................................

000131  013100     02 FILLER                     PIC X(94)    VALUE SPACE.
000132  013200 01  REC-SKL-SUB                   PIC 9(2)     VALUE ZERO.
000133  013300 01  REC-CT                        PIC 99       VALUE ZERO.
000134  013400 01  DELETE-COUNTER                PIC 999      VALUE ZERO.
000135  013500 01  ERROR-COUNTER                 PIC 999      VALUE ZERO.
000136  013600 01  INSPECT-COUNTER               PIC 999      VALUE ZERO.
000137  013700 01  PASS-COUNTER                  PIC 999      VALUE ZERO.
000138  013800 01  TOTAL-ERROR                   PIC 999      VALUE ZERO.
000139  013900 01  ERROR-HOLD                    PIC 999      VALUE ZERO.
000140  014000 01  DUMMY-HOLD                    PIC X(120)   VALUE SPACE.
000141  014100 01  RECORD-COUNT                  PIC 9(5)     VALUE ZERO.
000142  014200 01  ANSI-REFERENCE                PIC X(48)    VALUE SPACES.
000143  014300 01  CCVS-H-1.
000144  014400     02  FILLER                    PIC X(39)    VALUE SPACES.
000145  014500     02  FILLER                    PIC X(42)    VALUE
000146  014600     "OFFICIAL COBOL COMPILER VALIDATION SYSTEM".
000147  014700     02  FILLER                    PIC X(39)    VALUE SPACES.
000148  014800 01  CCVS-H-2A.
000149  014900   02  FILLER                        PIC X(40)  VALUE SPACE.
000150  015000   02  FILLER                        PIC X(7)   VALUE "CCVS85 ".
000151  015100   02  FILLER                        PIC XXXX   VALUE
000152  015200     "4.2 ".
000153  015300   02  FILLER                        PIC X(28)  VALUE
000154  015400            " COPY - NOT FOR DISTRIBUTION".
000155  015500   02  FILLER                        PIC X(41)  VALUE SPACE.
000156  015600
000157  015700 01  CCVS-H-2B.
000158  015800   02  FILLER                        PIC X(15)  VALUE
000159  015900            "TEST RESULT OF ".
000160  016000   02  TEST-ID                       PIC X(9).
000161  016100   02  FILLER                        PIC X(4)   VALUE
000162  016200            " IN ".
000163  016300   02  FILLER                        PIC X(12)  VALUE
000164  016400     " HIGH       ".
000165  016500   02  FILLER                        PIC X(22)  VALUE
000166  016600            " LEVEL VALIDATION FOR ".
000167  016700   02  FILLER                        PIC X(58)  VALUE
000168  016800     "ON-SITE VALIDATION, NATIONAL INSTITUTE OF STD & TECH.     ".
000169  016900 01  CCVS-H-3.
000170  017000     02  FILLER                      PIC X(34)  VALUE
000171  017100            " FOR OFFICIAL USE ONLY    ".
000172  017200     02  FILLER                      PIC X(58)  VALUE
000173  017300     "COBOL 85 VERSION 4.2, Apr  1993 SSVG                      ".
000174  017400     02  FILLER                      PIC X(28)  VALUE
000175  017500            "  COPYRIGHT   1985 ".
000176  017600 01  CCVS-E-1.
000177  017700     02 FILLER                       PIC X(52)  VALUE SPACE.
000178  017800     02 FILLER  PIC X(14) VALUE IS "END OF TEST-  ".
000179  017900     02 ID-AGAIN                     PIC X(9).
000180  018000     02 FILLER                       PIC X(45)  VALUE SPACES.
000181  018100 01  CCVS-E-2.
000182  018200     02  FILLER                      PIC X(31)  VALUE SPACE.
GnuCOBOL 3.2.0          NC114M.CBL           Sun Sep 20 2026 16:24:25  Page 0008

LINE    PG/LN  A...B............................................................

000183  018300     02  FILLER                      PIC X(21)  VALUE SPACE.
000184  018400     02 CCVS-E-2-2.
000185  018500         03 ERROR-TOTAL              PIC XXX    VALUE SPACE.
000186  018600         03 FILLER                   PIC X      VALUE SPACE.
000187  018700         03 ENDER-DESC               PIC X(44)  VALUE
000188  018800            "ERRORS ENCOUNTERED".
000189  018900 01  CCVS-E-3.
000190  019000     02  FILLER                      PIC X(22)  VALUE
000191  019100            " FOR OFFICIAL USE ONLY".
000192  019200     02  FILLER                      PIC X(12)  VALUE SPACE.
000193  019300     02  FILLER                      PIC X(58)  VALUE
000194  019400     "ON-SITE VALIDATION, NATIONAL INSTITUTE OF STD & TECH.     ".
000195  019500     02  FILLER                      PIC X(13)  VALUE SPACE.
000196  019600     02 FILLER                       PIC X(15)  VALUE
000197  019700             " COPYRIGHT 1985".
000198  019800 01  CCVS-E-4.
000199  019900     02 CCVS-E-4-1                   PIC XXX    VALUE SPACE.
000200  020000     02 FILLER                       PIC X(4)   VALUE " OF ".
000201  020100     02 CCVS-E-4-2                   PIC XXX    VALUE SPACE.
000202  020200     02 FILLER                       PIC X(40)  VALUE
000203  020300      "  TESTS WERE EXECUTED SUCCESSFULLY".
000204  020400 01  XXINFO.
000205  020500     02 FILLER                       PIC X(19)  VALUE
000206  020600            "*** INFORMATION ***".
000207  020700     02 INFO-TEXT.
000208  020800       04 FILLER                     PIC X(8)   VALUE SPACE.
000209  020900       04 XXCOMPUTED                 PIC X(20).
000210  021000       04 FILLER                     PIC X(5)   VALUE SPACE.
000211  021100       04 XXCORRECT                  PIC X(20).
000212  021200     02 INF-ANSI-REFERENCE           PIC X(48).
000213  021300 01  HYPHEN-LINE.
000214  021400     02 FILLER  PIC IS X VALUE IS SPACE.
000215  021500     02 FILLER  PIC IS X(65)    VALUE IS "************************
000216  021600-    "*****************************************".
000217  021700     02 FILLER  PIC IS X(54)    VALUE IS "************************
000218  021800-    "******************************".
000219  021900 01  CCVS-PGM-ID                     PIC X(9)   VALUE
000220  022000     "NC114M".
000221  022100 PROCEDURE DIVISION.
000222  022200 CCVS1 SECTION.
000223  022300 OPEN-FILES.
000224  022400     OPEN     OUTPUT PRINT-FILE.
000225  022500     MOVE CCVS-PGM-ID TO TEST-ID. MOVE CCVS-PGM-ID TO ID-AGAIN.
000226  022600     MOVE    SPACE TO TEST-RESULTS.
000227  022700     PERFORM  HEAD-ROUTINE THRU COLUMN-NAMES-ROUTINE.
000228  022800     GO TO CCVS1-EXIT.
000229  022900 CLOSE-FILES.
000230  023000     PERFORM END-ROUTINE THRU END-ROUTINE-13. CLOSE PRINT-FILE.
000231  023100 TERMINATE-CCVS.
000232  023400     STOP     RUN.
000233  023500 INSPT. MOVE "INSPT" TO P-OR-F. ADD 1 TO INSPECT-COUNTER.
000234  023600 PASS.  MOVE "PASS " TO P-OR-F.  ADD 1 TO PASS-COUNTER.
GnuCOBOL 3.2.0          NC114M.CBL           Sun Sep 20 2026 16:24:25  Page 0009

LINE    PG/LN  A...B............................................................

000235  023700 FAIL.  MOVE "FAIL*" TO P-OR-F.  ADD 1 TO ERROR-COUNTER.
000236  023800 DE-LETE.  MOVE "*****" TO P-OR-F.  ADD 1 TO DELETE-COUNTER.
000237  023900     MOVE "****TEST DELETED****" TO RE-MARK.
000238  024000 PRINT-DETAIL.
000239  024100     IF REC-CT NOT EQUAL TO ZERO
000240  024200             MOVE "." TO PARDOT-X
000241  024300             MOVE REC-CT TO DOTVALUE.
000242  024400     MOVE     TEST-RESULTS TO PRINT-REC. PERFORM WRITE-LINE.
000243  024500     IF P-OR-F EQUAL TO "FAIL*"  PERFORM WRITE-LINE
000244  024600        PERFORM FAIL-ROUTINE THRU FAIL-ROUTINE-EX
000245  024700          ELSE PERFORM BAIL-OUT THRU BAIL-OUT-EX.
000246  024800     MOVE SPACE TO P-OR-F. MOVE SPACE TO COMPUTED-X.
000247  024900     MOVE SPACE TO CORRECT-X.
000248  025000     IF     REC-CT EQUAL TO ZERO  MOVE SPACE TO PAR-NAME.
000249  025100     MOVE     SPACE TO RE-MARK.
000250  025200 HEAD-ROUTINE.
000251  025300     MOVE CCVS-H-1  TO DUMMY-RECORD. PERFORM WRITE-LINE 2 TIMES.
000252  025400     MOVE CCVS-H-2A TO DUMMY-RECORD. PERFORM WRITE-LINE 2 TIMES.
000253  025500     MOVE CCVS-H-2B TO DUMMY-RECORD. PERFORM WRITE-LINE 3 TIMES.
000254  025600     MOVE CCVS-H-3  TO DUMMY-RECORD. PERFORM WRITE-LINE 3 TIMES.
000255  025700 COLUMN-NAMES-ROUTINE.
000256  025800     MOVE CCVS-C-1 TO DUMMY-RECORD. PERFORM WRITE-LINE.
000257  025900     MOVE CCVS-C-2 TO DUMMY-RECORD. PERFORM WRITE-LINE 2 TIMES.
000258  026000     MOVE HYPHEN-LINE TO DUMMY-RECORD. PERFORM WRITE-LINE.
000259  026100 END-ROUTINE.
000260  026200     MOVE HYPHEN-LINE TO DUMMY-RECORD. PERFORM WRITE-LINE 5 TIMES.
000261  026300 END-RTN-EXIT.
000262  026400     MOVE CCVS-E-1 TO DUMMY-RECORD. PERFORM WRITE-LINE 2 TIMES.
000263  026500 END-ROUTINE-1.
000264  026600      ADD ERROR-COUNTER TO ERROR-HOLD ADD INSPECT-COUNTER TO
000265  026700      ERROR-HOLD. ADD DELETE-COUNTER TO ERROR-HOLD.
000266  026800      ADD PASS-COUNTER TO ERROR-HOLD.
000267  026900*     IF PASS-COUNTER EQUAL TO ERROR-HOLD GO TO END-ROUTINE-12.
000268  027000      MOVE PASS-COUNTER TO CCVS-E-4-1.
000269  027100      MOVE ERROR-HOLD TO CCVS-E-4-2.
000270  027200      MOVE CCVS-E-4 TO CCVS-E-2-2.
000271  027300      MOVE CCVS-E-2 TO DUMMY-RECORD PERFORM WRITE-LINE.
000272  027400  END-ROUTINE-12.
000273  027500      MOVE "TEST(S) FAILED" TO ENDER-DESC.
000274  027600     IF       ERROR-COUNTER IS EQUAL TO ZERO
000275  027700         MOVE "NO " TO ERROR-TOTAL
000276  027800         ELSE
000277  027900         MOVE ERROR-COUNTER TO ERROR-TOTAL.
000278  028000     MOVE     CCVS-E-2 TO DUMMY-RECORD.
000279  028100     PERFORM WRITE-LINE.
000280  028200 END-ROUTINE-13.
000281  028300     IF DELETE-COUNTER IS EQUAL TO ZERO
000282  028400         MOVE "NO " TO ERROR-TOTAL  ELSE
000283  028500         MOVE DELETE-COUNTER TO ERROR-TOTAL.
000284  028600     MOVE "TEST(S) DELETED     " TO ENDER-DESC.
000285  028700     MOVE CCVS-E-2 TO DUMMY-RECORD. PERFORM WRITE-LINE.
000286  028800      IF   INSPECT-COUNTER EQUAL TO ZERO
GnuCOBOL 3.2.0          NC114M.CBL           Sun Sep 20 2026 16:24:25  Page 0010

LINE    PG/LN  A...B............................................................

000287  028900          MOVE "NO " TO ERROR-TOTAL
000288  029000      ELSE MOVE INSPECT-COUNTER TO ERROR-TOTAL.
000289  029100      MOVE "TEST(S) REQUIRE INSPECTION" TO ENDER-DESC.
000290  029200      MOVE CCVS-E-2 TO DUMMY-RECORD. PERFORM WRITE-LINE.
000291  029300     MOVE CCVS-E-3 TO DUMMY-RECORD. PERFORM WRITE-LINE.
000292  029400 WRITE-LINE.
000293  029500     ADD 1 TO RECORD-COUNT.
000294  029600     IF RECORD-COUNT GREATER 42
000295  029700         MOVE DUMMY-RECORD TO DUMMY-HOLD
000296  029800         MOVE SPACE TO DUMMY-RECORD
000297  029900         WRITE DUMMY-RECORD AFTER ADVANCING PAGE
000298  030000         MOVE CCVS-H-1  TO DUMMY-RECORD  PERFORM WRT-LN 2 TIMES
000299  030100         MOVE CCVS-H-2A TO DUMMY-RECORD  PERFORM WRT-LN 2 TIMES
000300  030200         MOVE CCVS-H-2B TO DUMMY-RECORD  PERFORM WRT-LN 3 TIMES
000301  030300         MOVE CCVS-H-3  TO DUMMY-RECORD  PERFORM WRT-LN 3 TIMES
000302  030400         MOVE CCVS-C-1  TO DUMMY-RECORD  PERFORM WRT-LN
000303  030500         MOVE CCVS-C-2  TO DUMMY-RECORD  PERFORM WRT-LN
000304  030600         MOVE HYPHEN-LINE TO DUMMY-RECORD PERFORM WRT-LN
000305  030700         MOVE DUMMY-HOLD TO DUMMY-RECORD
000306  030800         MOVE ZERO TO RECORD-COUNT.
000307  030900     PERFORM WRT-LN.
000308  031000 WRT-LN.
000309  031100     WRITE    DUMMY-RECORD AFTER ADVANCING 1 LINES.
000310  031200     MOVE SPACE TO DUMMY-RECORD.
000311  031300 BLANK-LINE-PRINT.
000312  031400     PERFORM WRT-LN.
000313  031500 FAIL-ROUTINE.
000314  031600     IF     COMPUTED-X NOT EQUAL TO SPACE
000315  031700            GO TO FAIL-ROUTINE-WRITE.
000316  031800     IF     CORRECT-X NOT EQUAL TO SPACE GO TO FAIL-ROUTINE-WRITE.
000317  031900     MOVE   ANSI-REFERENCE TO INF-ANSI-REFERENCE.
000318  032000     MOVE  "NO FURTHER INFORMATION, SEE PROGRAM." TO INFO-TEXT.
000319  032100     MOVE   XXINFO TO DUMMY-RECORD. PERFORM WRITE-LINE 2 TIMES.
000320  032200     MOVE   SPACES TO INF-ANSI-REFERENCE.
000321  032300     GO TO  FAIL-ROUTINE-EX.
000322  032400 FAIL-ROUTINE-WRITE.
000323  032500     MOVE   TEST-COMPUTED TO PRINT-REC PERFORM WRITE-LINE
000324  032600     MOVE   ANSI-REFERENCE TO COR-ANSI-REFERENCE.
000325  032700     MOVE   TEST-CORRECT TO PRINT-REC PERFORM WRITE-LINE 2 TIMES.
000326  032800     MOVE   SPACES TO COR-ANSI-REFERENCE.
000327  032900 FAIL-ROUTINE-EX. EXIT.
000328  033000 BAIL-OUT.
000329  033100     IF     COMPUTED-A NOT EQUAL TO SPACE GO TO BAIL-OUT-WRITE.
000330  033200     IF     CORRECT-A EQUAL TO SPACE GO TO BAIL-OUT-EX.
000331  033300 BAIL-OUT-WRITE.
000332  033400     MOVE CORRECT-A TO XXCORRECT. MOVE COMPUTED-A TO XXCOMPUTED.
000333  033500     MOVE   ANSI-REFERENCE TO INF-ANSI-REFERENCE.
000334  033600     MOVE   XXINFO TO DUMMY-RECORD. PERFORM WRITE-LINE 2 TIMES.
000335  033700     MOVE   SPACES TO INF-ANSI-REFERENCE.
000336  033800 BAIL-OUT-EX. EXIT.
000337  033900 CCVS1-EXIT.
000338  034000     EXIT.
GnuCOBOL 3.2.0          NC114M.CBL           Sun Sep 20 2026 16:24:25  Page 0011

LINE    PG/LN  A...B............................................................

000339  034100/ STROKE-COMMENT-TEST-7   SHOULD PAGE EJECT AND PRINT ON TOP LINE
000340  034200* NULL1-NU-L-TEST-13
000341  034300 0 SECTION.
000342  034400 NULL1 SECTION.
000343  034500 NU-L               SECTION                                      .
000344  034600 A.
000345  034700 B .
000346  034800 C  .
000347  034900 D   .
000348  035000 THE-END.
000349  035100     EXIT.
GnuCOBOL 3.2.0          NC114M.CBL           Sun Sep 20 2026 16:24:25  Page 0012

LINE    PG/LN  A...B............................................................

000350  035200/ STROKE-COMMENT-TEST-7   SHOULD PAGE EJECT AND PRINT ON TOP LINE
000351  035300* ASTERISK COMMENT SHOULD NOT BE SYNTAX CHECKED "(,l*.)-/+> <,....
000352  035400 SECT-NC114-1 SECTION.
000353  035500 ALPHA-EDIT-TEST-4.
000354  035600     IF WRK-AE-1 EQUAL TO "ABC" NEXT SENTENCE ELSE MOVE "ABC" TO
000355  035700         CORRECT-A GO TO ALPHA-EDIT-FAIL-4.
000356  035800     MOVE "DEF" TO WRK-AE-1.
000357  035900     IF WRK-AE-1 EQUAL TO "D E" PERFORM PASS
000358  036000         GO TO ALPHA-EDIT-WRITE-4 ELSE MOVE "D E" TO CORRECT-A
000359  036100         GO TO ALPHA-EDIT-FAIL-4.
000360  036200 ALPHA-EDIT-DELETE-4.
000361  036300     PERFORM DE-LETE.
000362  036400     GO TO ALPHA-EDIT-WRITE-4.
000363  036500 ALPHA-EDIT-FAIL-4.
000364  036600     PERFORM FAIL.
000365  036700     MOVE WRK-AE-1 TO COMPUTED-A.
000366  036800 ALPHA-EDIT-WRITE-4.
000367  036900     MOVE "ALPHA-ED-TEST-4" TO PAR-NAME.
000368  037000     MOVE "B AS EDIT CHARACTER" TO FEATURE.
000369  037100     PERFORM PRINT-DETAIL.
000370  037200* ASTERISK COMMENT SHOULD NOT BE SYNTAX CHECKED "(,l*.)-/+> <,....
000371  037300 ALPHA-EDIT-TEST-5.
000372  037400     MOVE "ABC" TO WRK-AE-2.
000373  037500     IF WRK-AE-2 EQUAL TO "A/BC" PERFORM PASS
000374  037600         GO TO ALPHA-EDIT-WRITE-5 ELSE GO TO ALPHA-EDIT-FAIL-5.
000375  037700 ALPHA-EDIT-DELETE-5.
000376  037800     PERFORM DE-LETE.
000377  037900     GO TO ALPHA-EDIT-WRITE-5.
000378  038000 ALPHA-EDIT-FAIL-5.
000379  038100     PERFORM FAIL.
000380  038200     MOVE WRK-AE-2 TO COMPUTED-A.
000381  038300     MOVE "A/BC" TO CORRECT-A.
000382  038400 ALPHA-EDIT-WRITE-5.
000383  038500     MOVE "ALPHA-ED-TEST-5" TO PAR-NAME.
000384  038600     MOVE "/ AS EDIT CHARACTER" TO FEATURE.
000385  038700     PERFORM PRINT-DETAIL.
000386  038800 NUM-EDIT-TEST-6.
000387  038900     MOVE 123 TO WRK-NE-1.
000388  039000     IF WRK-NE-1 EQUAL TO "1/23" PERFORM PASS
000389  039100         GO TO NUM-EDIT-WRITE-6 ELSE GO TO NUM-EDIT-FAIL-6.
000390  039200 NUM-EDIT-DELETE-6.
000391  039300     PERFORM DE-LETE.
000392  039400     GO TO NUM-EDIT-WRITE-6.
000393  039500 NUM-EDIT-FAIL-6.
000394  039600     PERFORM FAIL.
000395  039700     MOVE WRK-NE-1 TO COMPUTED-A.
000396  039800     MOVE "1/23" TO CORRECT-A.
000397  039900 NUM-EDIT-WRITE-6.
000398  040000     MOVE "NUM-EDIT-TEST-6" TO PAR-NAME.
000399  040100     MOVE "/ AS EDIT CHARACTER" TO FEATURE.
000400  040200     PERFORM PRINT-DETAIL.
000401  040300* ASTERISK COMMENT SHOULD NOT BE SYNTAX CHECKED "(,l*.)-/+> <,....
GnuCOBOL 3.2.0          NC114M.CBL           Sun Sep 20 2026 16:24:25  Page 0013

LINE    PG/LN  A...B............................................................

000402  040400 ELEM-MOVE-TEST-16.
000403  040500     MOVE WRK-DS-LS-1P17-1 TO WRK-XN-18-2.
000404  040600     IF WRK-XN-18-2 EQUAL TO "100000000000000000" PERFORM PASS
000405  040700         GO TO ELEM-MOVE-WRITE-16.
000406  040800     GO TO ELEM-MOVE-FAIL-16.
000407  040900 ELEM-MOVE-DELETE-16.
000408  041000     PERFORM DE-LETE.
000409  041100     GO TO ELEM-MOVE-WRITE-16.
000410  041200 ELEM-MOVE-FAIL-16.
000411  041300     PERFORM FAIL.
000412  041400     MOVE WRK-XN-18-2 TO COMPUTED-A.
000413  041500     MOVE "100000000000000000" TO CORRECT-A.
000414  041600 ELEM-MOVE-WRITE-16.
000415  041700     MOVE "MOVE-TEST-16" TO PAR-NAME.
000416  041800     MOVE "STRIP MINUS SIGN" TO FEATURE.
000417  041900     PERFORM PRINT-DETAIL.
000418  042000 ELEM-MOVE-TEST-17.
000419  042100     MOVE WRK-DS-LS-1P17-1 TO WRK-AE-3.
000420  042200     IF WRK-AE-3 EQUAL TO "1 000/000/000/000/000 00"
000421  042300         PERFORM PASS GO TO ELEM-MOVE-WRITE-17.
000422  042400     GO TO ELEM-MOVE-FAIL-17.
000423  042500 ELEM-MOVE-DELETE-17.
000424  042600     PERFORM DE-LETE.
000425  042700     GO TO ELEM-MOVE-WRITE-17.
000426  042800 ELEM-MOVE-FAIL-17.
000427  042900     PERFORM FAIL.
000428  043000     MOVE WRK-AE-3 TO COMPUTED-A.
000429  043100     MOVE "1 000/000/000/000/000 00" TO CORRECT-A.
000430  043200 ELEM-MOVE-WRITE-17.
000431  043300     MOVE "MOVE-TEST-17" TO PAR-NAME.
000432  043400     MOVE "/ AND B EDITS" TO FEATURE.
000433  043500     PERFORM PRINT-DETAIL.
000434  043600 TEST-19-SYNTAX.
000435  043700     PERFORM END-ROUTINE.
000436  043800     MOVE    ZERO TO REC-CT.
000437  043900     MOVE    SPACE TO TEST-RESULTS.
000438  044000     MOVE    " PICTURE AB9  **  CHECK DATA DIV." TO TEST-RESULTS.
000439  044100     PERFORM PRINT-DETAIL.
000440  044200*
000441  044300*    THE FOLLOWING LINES HAVE SPECIAL CHARACTERS IN THE
000442  044400*    SEQUENCE AREA (COLS 1-6) AND MANUAL VERIFICATION OF
000443  044500*    THEIR POSITION ON THE COMPILATION LISTING IS REQUESTED
000444  044600*    IN THE REPORT.
000445  044700*
000446  044800 SEQ-NUM-TEST-1.
000447  044900     MOVE   "IV-44  7.2.1"         TO ANSI-REFERENCE.
000448  045000     MOVE    SPACES                TO TEST-RESULTS.
000449  045100     MOVE   "SEQUENCE NUMBER AREA" TO FEATURE.
000450  045200     MOVE   "SEQ-NUM-TEST-1"       TO PAR-NAME.
000451  045300     PERFORM PRINT-DETAIL.
000452  045400     MOVE   "   PLEASE VERIFY THAT THE FOLLOWING ENTRIES"
000453  045500          TO RE-MARK.
GnuCOBOL 3.2.0          NC114M.CBL           Sun Sep 20 2026 16:24:25  Page 0014

LINE    PG/LN  A...B............................................................

000454  045600     PERFORM PRINT-DETAIL.
000455  045700     MOVE   "   ARE PRINTED IN THE SEQUENCE NUMBER AREA"
000456  045800          TO RE-MARK.
000457  045900     PERFORM PRINT-DETAIL.
000458  046000     MOVE   "   (COLUMNS 1-6) NEAR THE END OF THE      "
000459  046100          TO RE-MARK.
000460  046200     PERFORM PRINT-DETAIL.
000461  046300     MOVE   "   COMPILATION LISTING FOR NC114M:        "
000462  046400          TO RE-MARK.
000463  046500     PERFORM PRINT-DETAIL.
000464  046600     MOVE    SPACES TO TEST-RESULTS.
000465  046700     MOVE   "   COLUMNS:  123456" TO RE-MARK.
000466  046800     PERFORM PRINT-DETAIL.
000467  046900     MOVE   "   =======:  ======" TO RE-MARK.
000468  047000     PERFORM PRINT-DETAIL.
000469  047100     MOVE   "   ENTRY-1:  ABCDEF" TO RE-MARK.
000470  047200     PERFORM PRINT-DETAIL.
000471  047300     MOVE   "   ENTRY-2:  */+(>'" TO RE-MARK.
000472  047400     PERFORM PRINT-DETAIL.
000473  047500     MOVE   "   ENTRY-3:  999-99" TO RE-MARK.
000474  047600     PERFORM PRINT-DETAIL.
000475  047700     MOVE   "   ENTRY-4:  Z=.,;<" TO RE-MARK.
000476  047800     PERFORM PRINT-DETAIL.
000477  047900     MOVE   "   ENTRY-5:  )14$ X" TO RE-MARK.
000478  048000     PERFORM PRINT-DETAIL.
000479  048100     MOVE   "   ENTRY-6:    23 4" TO RE-MARK.
000480  048200     PERFORM PRINT-DETAIL.
000481  048300     PERFORM INSPT.
000482  048400*
000483  048500
000484  ABCDEF
000485  */+(>'
000486  999-99
000487  Z=.,;<
000488  )14$ X
000489    23 4
000490  049200
000491  049300
000492  049400
000493  049500
000494  049600*
000495  049700 CCVS-EXIT SECTION.
000496  049800 CCVS-999999.
000497  049900     GO TO CLOSE-FILES.
000498  050000* ASTERISK COMMENT AS THE LAST LINE IN THE SOURCE PROGRAM LISTING


0 warnings in compilation group
0 errors in compilation group
