
                                       OFFICIAL COBOL COMPILER VALIDATION SYSTEM                                        
                                                                                                                        
                                        CCVS85 4.2  COPY - NOT FOR DISTRIBUTION                                         
                                                                                                                        
TEST RESULT OF IC207A    IN  HIGH        LEVEL VALIDATION FOR ON-SITE VALIDATION, NATIONAL INSTITUTE OF STD & TECH.     
                                                                                                                        
                                                                                                                        
 FOR OFFICIAL USE ONLY            COBOL 85 VERSION 4.2, Apr  1993 SSVG                        COPYRIGHT   1985          
                                                                                                                        
                                                                                                                        
 FEATURE              PASS  PARAGRAPH-NAME                                                 REMARKS                      
 TESTED               FAIL                                                                                              
                                                                                                                        
 ***********************************************************************************************************************
 INDEX DATA ITEM      FAIL* LINK-TEST-01                  VALUE OF DN2(1)                                               
                                                                                                                        
                                     COMPUTED= C                                                                        
                                     CORRECT = W                                                                        
                                                                                                                        
 VAR. LENGTH TABLE    FAIL* LINK-TEST-02       .01        VALUE OF DN2(2)                                               
                                                                                                                        
                                     COMPUTED= Z                                                                        
                                     CORRECT = K                                                                        
                                                                                                                        
 VAR. LENGTH TABLE    PASS  LINK-TEST-02       .02                                                                      
 VAR. LENGTH TABLE    FAIL* LINK-TEST-02       .03        VALUE OF DN2(4)                                               
                                                                                                                        
                                     COMPUTED= X                                                                        
                                     CORRECT = Y                                                                        
                                                                                                                        
 VAR. LENGTH TABLE    PASS  LINK-TEST-02       .04                                                                      
 CONDITION NAME       PASS  LINK-TEST-03       .01                                                                      
 CONDITION NAME       PASS  LINK-TEST-03       .02                                                                      
 CONDITION NAME       PASS  LINK-TEST-03       .03                                                                      
 CALL PARAMETERS      PASS  LINK-TEST-04       .01                                                                      
 CALL PARAMETERS      PASS  LINK-TEST-04       .02                                                                      
 CALL PARAMETERS      PASS  LINK-TEST-04       .03                                                                      
 ***********************************************************************************************************************
                                                                                                                        
                                                                                                                        
                                                                                                                        
                                                                                                                        
                                                    END OF TEST-  IC207A                                                
                                                                                                                        
                                                    008 OF 011  TESTS WERE EXECUTED SUCCESSFULLY                        
                                                    003 TEST(S) FAILED                                                  
                                                    NO  TEST(S) DELETED                                                 
                                                    NO  TEST(S) REQUIRE INSPECTION                                      
 FOR OFFICIAL USE ONLY            ON-SITE VALIDATION, NATIONAL INSTITUTE OF STD & TECH.                   COPYRIGHT 1985
