
                                       OFFICIAL COBOL COMPILER VALIDATION SYSTEM                                        
                                                                                                                        
                                        CCVS85 4.2  COPY - NOT FOR DISTRIBUTION                                         
                                                                                                                        
TEST RESULT OF IX209A    IN  HIGH        LEVEL VALIDATION FOR ON-SITE VALIDATION, NATIONAL INSTITUTE OF STD & TECH.     
                                                                                                                        
                                                                                                                        
 FOR OFFICIAL USE ONLY            COBOL 85 VERSION 4.2, Apr  1993 SSVG                        COPYRIGHT   1985          
                                                                                                                        
                                                                                                                        
 FEATURE              PASS  PARAGRAPH-NAME                                                 REMARKS                      
 TESTED               FAIL                                                                                              
                                                                                                                        
 ***********************************************************************************************************************
 CREATE-FILE-FS1      PASS  WRITE-TEST-GF-01              RECORDS IN FILE                                               
*** INFORMATION ***         000000000000000200       000000000000000200                                                 
                                                                                                                        
 READ FILE IX-FS1     PASS  READ-TEST-F1-01               RECORDS IN FILE                                               
*** INFORMATION ***         000000000000000200       000000000000000200                                                 
                                                                                                                        
 START EQ TO RECKEY   PASS  START-TEST-GF-01                                                                            
 START EQ TO RECKEY   PASS  START-TEST-GF-02                                                                            
 START EQ TO RECKEY   PASS  START-TEST-GF-03                                                                            
 START EQ TO RECKEY   PASS  START-TEST-GF-04                                                                            
 START EQ TO RECKEY   PASS  START-TEST-GF-05                                                                            
 START EQ TO RECKEY         START-TEST-GF-06              RECORD KEY VALUES                                             
*** INFORMATION ***        TTTTTTTTTT380            TTTTTTTTTT380                                                       
                                                                                                                        
 START EQ TO RECKEY   FAIL*                               IX-36; 4.7.2 ETC.; SUBORDINATE D-I OF KEY                     
                                                                                                                        
                                     COMPUTED=  000000000000000190                                                      
                                     CORRECT =  000000000000000390                                                      
                                                                                                                        
 START EQ TO RECKEY   PASS  START-TEST-GF-07                                                                            
 START EQ TO RECKEY   PASS  START-TEST-GF-08                                                                            
 START EQ TO RECKEY   PASS  START-TEST-GF-09                                                                            
 FILE STATUS START:00 PASS  START-TEST-GF-10                                                                            
 FILE STATUS START:23 PASS  START-TEST-GF-11                                                                            
 FILE STATUS START:23 PASS  START-TEST-GF-12                                                                            
 FILE STATUS START:23 PASS  START-TEST-GF-13                                                                            
 FILE STATUS START:00 PASS  START-TEST-GF-14                                                                            
 FILE STATUS START:00 PASS  START-TEST-GF-15                                                                                                                                                                                                    
                                       OFFICIAL COBOL COMPILER VALIDATION SYSTEM                                        
                                                                                                                        
                                        CCVS85 4.2  COPY - NOT FOR DISTRIBUTION                                         
                                                                                                                        
TEST RESULT OF IX209A    IN  HIGH        LEVEL VALIDATION FOR ON-SITE VALIDATION, NATIONAL INSTITUTE OF STD & TECH.     
                                                                                                                        
                                                                                                                        
 FOR OFFICIAL USE ONLY            COBOL 85 VERSION 4.2, Apr  1993 SSVG                        COPYRIGHT   1985          
                                                                                                                        
                                                                                                                        
 FEATURE              PASS  PARAGRAPH-NAME                                                 REMARKS                      
 TESTED               FAIL                                                                                              
 ***********************************************************************************************************************
 FILE STATUS START:23 PASS  START-TEST-GF-16                                                                            
 FILE STATUS START:23 PASS  START-TEST-GF-17                                                                            
 FILE STATUS START:23 PASS  START-TEST-GF-18                                                                            
 STR EQ ALTKY W/O DUP PASS  START-TEST-GF-19                                                                            
 STR EQ ALTKY W/O DUP PASS  START-TEST-GF-20              INVALID KEY                                                   
 STR EQ ALTKY W/O DUP PASS  START-TEST-GF-21              INVALID KEY                                                   
 STR EQ ALTKY W/O DUP PASS  START-TEST-GF-22                                                                            
 STR EQ ALTKY W/O DUP       START-TEST-GF-23              ALTERNATE RECORD KEY1 VALUES                                  
*** INFORMATION ***        GGGGHHHHHH052ALTKEY1     GGGGHHHHHH052ALTKEY1                                                
                                                                                                                        
 STR EQ ALTKY W/O DUP FAIL*                               IX-36; 4.7.2 ETC.                                             
                                                                                                                        
                                     COMPUTED=  000000000000000026                                                      
                                     CORRECT =  000000000000000086                                                      
                                                                                                                        
 STR EQ ALTKY W/O DUP PASS  START-TEST-GF-24                                                                            
 STR EQ ALTKY W/O DUP PASS  START-TEST-GF-25                                                                            
 STR EQ ALTKY W/O DUP PASS  START-TEST-GF-26                                                                            
 STR EQ ALTKY W/O DUP PASS  START-TEST-GF-27                                                                            
 FILE STATUS START:00 PASS  START-TEST-GF-28                                                                            
 FILE STATUS START:23 PASS  START-TEST-GF-29                                                                            
 FILE STATUS START:23 PASS  START-TEST-GF-30                                                                            
 FILE STATUS START:23 PASS  START-TEST-GF-31                                                                            
 FILE STATUS START:00 PASS  START-TEST-GF-32                                                                            
 FILE STATUS START:00 PASS  START-TEST-GF-33                                                                            
 FILE STATUS START:23 FAIL* START-TEST-GF-34              IX-4; 1.3.4 (3) C; SEE START-TEST-GF-25                       
                                                                                                                        
                                     COMPUTED= 23                                                                       
                                     CORRECT = 43                                                                       
                                                                                                                        
 FILE STATUS START:23 PASS  START-TEST-GF-35                                                                            
 FILE STATUS START:23 PASS  START-TEST-GF-36                                                                            
 STRT EQ ALTKY W/DUP        START-TEST-GF-37              ALTERNATE RECORD KEY2 VALUES                                  
*** INFORMATION ***        VVVVVVVVUU376ALTKEY2     VVVVVVVVUU376ALTKEY2                                                
                                                                                                                        
 STRT EQ ALTKY W/DUP  FAIL*                               IX-36; 4.7.2 ETC.                                             
                                                                                                                        
                                     COMPUTED=  000000000000000012                                                      
                                     CORRECT =  000000000000000010                                                      
                                                                                                                        
 STRT EQ ALTKY W/DUP  PASS  START-TEST-GF-38                                                                            
 STRT EQ ALTKY W/DUP  PASS  START-TEST-GF-39                                                                            
 STRT EQ ALTKY W/DUP  PASS  START-TEST-GF-40                                                                                                                                                                                                    
                                       OFFICIAL COBOL COMPILER VALIDATION SYSTEM                                        
                                                                                                                        
                                        CCVS85 4.2  COPY - NOT FOR DISTRIBUTION                                         
                                                                                                                        
TEST RESULT OF IX209A    IN  HIGH        LEVEL VALIDATION FOR ON-SITE VALIDATION, NATIONAL INSTITUTE OF STD & TECH.     
                                                                                                                        
                                                                                                                        
 FOR OFFICIAL USE ONLY            COBOL 85 VERSION 4.2, Apr  1993 SSVG                        COPYRIGHT   1985          
                                                                                                                        
                                                                                                                        
 FEATURE              PASS  PARAGRAPH-NAME                                                 REMARKS                      
 TESTED               FAIL                                                                                              
 ***********************************************************************************************************************
 STRT EQ ALTKY W/DUP  PASS  START-TEST-GF-41                                                                            
 STRT EQ ALTKY W/DUP  PASS  START-TEST-GF-42                                                                            
 STRT EQ ALTKY W/DUP  PASS  START-TEST-GF-43                                                                            
 STRT EQ ALTKY W/DUP  PASS  START-TEST-GF-44                                                                            
 STRT EQ ALTKY W/DUP  PASS  START-TEST-GF-45                                                                            
 FILE STATUS START:00 PASS  START-TEST-GF-46                                                                            
 FILE STATUS START:23 PASS  START-TEST-GF-47                                                                            
 FILE STATUS START:23 PASS  START-TEST-GF-48                                                                            
 FILE STATUS START:23 PASS  START-TEST-GF-49                                                                            
 FILE STATUS START:00 PASS  START-TEST-GF-50              FROM START-TEST-007.05                                        
 FILE STATUS START:00 PASS  START-TEST-GF-51                                                                            
 FILE STATUS START:23 PASS  START-TEST-GF-52                                                                            
 FILE STATUS START:23 PASS  START-TEST-GF-53                                                                            
 FILE STATUS START:23 PASS  START-TEST-GF-54                                                                            
 ***********************************************************************************************************************
                                                                                                                        
                                                                                                                        
                                                                                                                        
                                                                                                                        
                                                    END OF TEST-  IX209A                                                
                                                                                                                        
                                                    052 OF 056  TESTS WERE EXECUTED SUCCESSFULLY                        
                                                    004 TEST(S) FAILED                                                  
                                                    NO  TEST(S) DELETED                                                 
                                                    NO  TEST(S) REQUIRE INSPECTION                                      
 FOR OFFICIAL USE ONLY            ON-SITE VALIDATION, NATIONAL INSTITUTE OF STD & TECH.                   COPYRIGHT 1985
