
                                       OFFICIAL COBOL COMPILER VALIDATION SYSTEM                                        
                                                                                                                        
                                        CCVS85 4.2  COPY - NOT FOR DISTRIBUTION                                         
                                                                                                                        
TEST RESULT OF ST139A    IN  HIGH        LEVEL VALIDATION FOR ON-SITE VALIDATION, NATIONAL INSTITUTE OF STD & TECH.     
                                                                                                                        
                                                                                                                        
 FOR OFFICIAL USE ONLY            COBOL 85 VERSION 4.2, Apr  1993 SSVG                        COPYRIGHT   1985          
                                                                                                                        
                                                                                                                        
 FEATURE              PASS  PARAGRAPH-NAME                                                 REMARKS                      
 TESTED               FAIL                                                                                              
                                                                                                                        
 ***********************************************************************************************************************
 CREATE FILE SQ-FS1   PASS  MRG-TEST-001                                                                                
*** INFORMATION ***        FIRST FILE CREATED        000000000000000052                                                 
                                                                                                                        
 CREATE FILE SQ-FS2   PASS  MRG-TEST-002                                                                                
*** INFORMATION ***        2ND FILE CREATED          000000000000000052                                                 
                                                                                                                        
 STAND. COLLATING SEQ PASS  MRG-TEST-003                                                                                
 STAND. COLLATING SEQ PASS  MRG-TEST-004                                                                                
 STAND. COLLATING SEQ PASS  MRG-TEST-005                                                                                
 STAND. COLLATING SEQ PASS  MRG-TEST-006                                                                                
 STAND. COLLATING SEQ PASS  MRG-TEST-007                                                                                
 STAND. COLLATING SEQ PASS  MRG-TEST-008                                                                                
 EOF CHECK SQ-FS3     PASS  MRG-TEST-009                                                                                
 NUMER. SEQ. CHECK    PASS  MRG-TEST-010                                                                                
 ***********************************************************************************************************************
                                                                                                                        
                                                                                                                        
                                                                                                                        
                                                                                                                        
                                                    END OF TEST-  ST139A                                                
                                                                                                                        
                                                    010 OF 010  TESTS WERE EXECUTED SUCCESSFULLY                        
                                                    NO  TEST(S) FAILED                                                  
                                                    NO  TEST(S) DELETED                                                 
                                                    NO  TEST(S) REQUIRE INSPECTION                                      
 FOR OFFICIAL USE ONLY            ON-SITE VALIDATION, NATIONAL INSTITUTE OF STD & TECH.                   COPYRIGHT 1985
