
                                       OFFICIAL COBOL COMPILER VALIDATION SYSTEM                                        
                                                                                                                        
                                        CCVS85 4.2  COPY - NOT FOR DISTRIBUTION                                         
                                                                                                                        
TEST RESULT OF ST140A    IN  HIGH        LEVEL VALIDATION FOR ON-SITE VALIDATION, NATIONAL INSTITUTE OF STD & TECH.     
                                                                                                                        
                                                                                                                        
 FOR OFFICIAL USE ONLY            COBOL 85 VERSION 4.2, Apr  1993 SSVG                        COPYRIGHT   1985          
                                                                                                                        
                                                                                                                        
 FEATURE              PASS  PARAGRAPH-NAME                                                 REMARKS                      
 TESTED               FAIL                                                                                              
                                                                                                                        
 ***********************************************************************************************************************
 CREATE FILE SQ-FS1   PASS  BLD-TEST-001                                                                                
*** INFORMATION ***        FIRST FILE CREATED        000000000000000052                                                 
                                                                                                                        
 CREATE FILE SQ-FS2   PASS  BLD-TEST-002                                                                                
*** INFORMATION ***        2ND FILE CREATED          000000000000000052                                                 
                                                                                                                        
 CREATE FILE SQ-FS3   PASS  BLD-TEST-003                                                                                
*** INFORMATION ***        3RD FILE CREATED          000000000000000052                                                 
                                                                                                                        
 STAN. COLLATING SEQ. PASS  MRG-TEST-003                                                                                
 STAN. COLLATING SEQ. PASS  MRG-TEST-004                                                                                
 STAN. COLLATING SEQ. PASS  MRG-TEST-005                                                                                
 STAN. COLLATING SEQ. PASS  MRG-TEST-006                                                                                
 STAN. COLLATING SEQ. PASS  MRG-TEST-007                                                                                
 STAN. COLLATING SEQ. PASS  MRG-TEST-008                                                                                
 EOF CHECK SQ-FS4     PASS  MRG-TEST-009                                                                                
 NUMER. SEQ. CHECK    PASS  MRG-TEST-010                                                                                
 ***********************************************************************************************************************
                                                                                                                        
                                                                                                                        
                                                                                                                        
                                                                                                                        
                                                    END OF TEST-  ST140A                                                
                                                                                                                        
                                                    011 OF 011  TESTS WERE EXECUTED SUCCESSFULLY                        
                                                    NO  TEST(S) FAILED                                                  
                                                    NO  TEST(S) DELETED                                                 
                                                    NO  TEST(S) REQUIRE INSPECTION                                                                                                                                                              
                                       OFFICIAL COBOL COMPILER VALIDATION SYSTEM                                        
                                                                                                                        
                                        CCVS85 4.2  COPY - NOT FOR DISTRIBUTION                                         
                                                                                                                        
TEST RESULT OF ST140A    IN  HIGH        LEVEL VALIDATION FOR ON-SITE VALIDATION, NATIONAL INSTITUTE OF STD & TECH.     
                                                                                                                        
                                                                                                                        
 FOR OFFICIAL USE ONLY            COBOL 85 VERSION 4.2, Apr  1993 SSVG                        COPYRIGHT   1985          
                                                                                                                        
                                                                                                                        
 FEATURE              PASS  PARAGRAPH-NAME                                                 REMARKS                      
 TESTED               FAIL                                                                                              
 ***********************************************************************************************************************
 FOR OFFICIAL USE ONLY            ON-SITE VALIDATION, NATIONAL INSTITUTE OF STD & TECH.                   COPYRIGHT 1985
