
                            FEDERAL SOFTWARE TESTING CENTER COBOL COMPILER VALIDATION   SYSTEM                          
                                                                                                                        
CCVS85 FSTC COPY, NOT FOR DISTRIBUTION.             TEST RESULTS SET-  OBSQ3A                                           
                                                                                                                        
                                                                                                                        
                                                                                                                        
                                                                                                                        
 FOR OFFICIAL USE ONLY            COBOL 85 VERSION 4.2, Apr  1993 SSVG                        COPYRIGHT   1985          
                                                                                                                        
                                                                                                                        
 FEATURE              PASS  PARAGRAPH-NAME                                                  REMARKS                     
 TESTED               FAIL                                                                                              
                                                                                                                        
 ***********************************************************************************************************************
 CREATE FILE SQ-FS1         SEQ-TEST-001                                                                                
        *** INFORMATION  ***                      FILE CREATED, RECS =      000000000000000750                          
                                                                                                                        
 CREATE FILE SQ-FS2         SEQ-TEST-002                                                                                
        *** INFORMATION  ***                      FILE CREATED, RECS =      000000000000000750                          
                                                                                                                        
 CREATE FILE SQ-FS3         SEQ-TEST-003                                                                                
        *** INFORMATION  ***                      FILE CREATED, RECS=       000000000000000750                          
                                                                                                                        
 CREATE FILE SQ-FS4         SEQ-TEST-004                                                                                
        *** INFORMATION  ***                      FILE CREATED, RECS =      000000000000000750                          
                                                                                                                        
 CREATE FILE SQ-FS5         SEQ-TEST-005                                                                                
        *** INFORMATION  ***                      FILE CREATED, RECS =      000000000000000750                          
                                                                                                                        
 CREATE FILE SQ-FS6         SEQ-TEST-006                                                                                
        *** INFORMATION  ***                      FILE CREATED, RECS =      000000000000000750                          
                                                                                                                        
 CREATE FILE SQ-FS7         SEQ-TEST-007                                                                                
        *** INFORMATION  ***                      FILE CREATED, RECS-=      000000000000000750                          
                                                                                                                        
 CREATE FILE SQ-FS8         SEQ-TEST-008                                                                                
        *** INFORMATION  ***                      FILE CREATED, RECS =      000000000000000750                          
                                                                                                                        
END OF OBSQ3A VALIDATION TESTS                                                                                          
 ***********************************************************************************************************************
                                                                                                                        
                                                                                                                        
                                                                                                                        
                                                                                                                        
                                                    END OF TEST-  OBSQ3A    NTIS DISTRIBUTION COBOL 85                  
                                                                                                                        
                                                    000 OF 000  TESTS WERE EXECUTED SUCCESSFULLY                        
                                                    NO  TEST(S) FAILED                                                  
                                                    NO  TEST(S) DELETED                                                 
                                                    NO  TEST(S) REQUIRE INSPECTION                                      
 FOR OFFICIAL USE ONLY            ON-SITE VALIDATION, NATIONAL INSTITUTE OF STD & TECH.                   COPYRIGHT 1985
