
                                       OFFICIAL COBOL COMPILER VALIDATION SYSTEM                                        
                                                                                                                        
                                        CCVS85 4.2  COPY - NOT FOR DISTRIBUTION                                         
                                                                                                                        
TEST RESULT OF ST132A    IN  HIGH        LEVEL VALIDATION FOR ON-SITE VALIDATION, NATIONAL INSTITUTE OF STD & TECH.     
                                                                                                                        
                                                                                                                        
 FOR OFFICIAL USE ONLY            COBOL 85 VERSION 4.2, Apr  1993 SSVG                        COPYRIGHT   1985          
                                                                                                                        
                                                                                                                        
 FEATURE              PASS  PARAGRAPH-NAME                                                 REMARKS                      
 TESTED               FAIL                                                                                              
                                                                                                                        
 ***********************************************************************************************************************
 SORT, OUTPUT PROC    FAIL* SORT-TEST-16                                                                                
                                                                                                                        
                                     COMPUTED= PQRBABCDEZ7912345679                                                     
                                     CORRECT = PQRBABCDEZ7912385679                                                     
                                                                                                                        
 SORT, OUTPUT PROC    PASS  SORT-TEST-17                                                                                
 SORT, OUTPUT PROC    FAIL* SORT-TEST-18                                                                                
                                                                                                                        
                                     COMPUTED= PQRAABCDEA7012345670                                                     
                                     CORRECT = PQRAABCDEA7012345660                                                     
                                                                                                                        
 SORT, OUTPUT PROC    FAIL* SORT-TEST-19                                                                                
                                                                                                                        
                                     COMPUTED= PQRAABCDEA7012345670                                                     
                                     CORRECT = PQWAABCDEA7012345670                                                     
                                                                                                                        
 SORT, OUTPUT PROC    PASS  SORT-TEST-20                                                                                
 2 SORTS ON ONE FILE  PASS  SORT-TEST-21                                                                                
 ***********************************************************************************************************************
                                                                                                                        
                                                                                                                        
                                                                                                                        
                                                                                                                        
                                                    END OF TEST-  ST132A                                                
                                                                                                                        
                                                    003 OF 006  TESTS WERE EXECUTED SUCCESSFULLY                        
                                                    003 TEST(S) FAILED                                                  
                                                    NO  TEST(S) DELETED                                                 
                                                    NO  TEST(S) REQUIRE INSPECTION                                                                                                                                                              
                                       OFFICIAL COBOL COMPILER VALIDATION SYSTEM                                        
                                                                                                                        
                                        CCVS85 4.2  COPY - NOT FOR DISTRIBUTION                                         
                                                                                                                        
TEST RESULT OF ST132A    IN  HIGH        LEVEL VALIDATION FOR ON-SITE VALIDATION, NATIONAL INSTITUTE OF STD & TECH.     
                                                                                                                        
                                                                                                                        
 FOR OFFICIAL USE ONLY            COBOL 85 VERSION 4.2, Apr  1993 SSVG                        COPYRIGHT   1985          
                                                                                                                        
                                                                                                                        
 FEATURE              PASS  PARAGRAPH-NAME                                                 REMARKS                      
 TESTED               FAIL                                                                                              
 ***********************************************************************************************************************
 FOR OFFICIAL USE ONLY            ON-SITE VALIDATION, NATIONAL INSTITUTE OF STD & TECH.                   COPYRIGHT 1985
